Component: ARM Compiler 5.06 (build 20) Tool: armlink [4d35a3]

==============================================================================

Section Cross References

    bsp_gpio.o(i.Bsp_Gpio_Init) refers to stm32f10x_rcc.o(i.RCC_APB2PeriphClockCmd) for RCC_APB2PeriphClockCmd
    bsp_gpio.o(i.Bsp_Gpio_Init) refers to stm32f10x_gpio.o(i.GPIO_Init) for GPIO_Init
    bsp_spi.o(i.Bsp_Spi_Init) refers to stm32f10x_rcc.o(i.RCC_APB2PeriphClockCmd) for RCC_APB2PeriphClockCmd
    bsp_spi.o(i.Bsp_Spi_Init) refers to stm32f10x_rcc.o(i.RCC_APB1PeriphClockCmd) for RCC_APB1PeriphClockCmd
    bsp_spi.o(i.Bsp_Spi_Init) refers to stm32f10x_gpio.o(i.GPIO_PinRemapConfig) for GPIO_PinRemapConfig
    bsp_spi.o(i.Bsp_Spi_Init) refers to stm32f10x_gpio.o(i.GPIO_Init) for GPIO_Init
    bsp_spi.o(i.Bsp_Spi_Init) refers to misc.o(i.NVIC_PriorityGroupConfig) for NVIC_PriorityGroupConfig
    bsp_spi.o(i.Bsp_Spi_Init) refers to misc.o(i.NVIC_Init) for NVIC_Init
    bsp_spi.o(i.Bsp_Spi_Init) refers to stm32f10x_gpio.o(i.GPIO_EXTILineConfig) for GPIO_EXTILineConfig
    bsp_spi.o(i.Bsp_Spi_Init) refers to stm32f10x_exti.o(i.EXTI_Init) for EXTI_Init
    bsp_spi.o(i.Bsp_Spi_Init) refers to stm32f10x_gpio.o(i.GPIO_SetBits) for GPIO_SetBits
    bsp_spi.o(i.Bsp_Spi_Init) refers to stm32f10x_spi.o(i.SPI_Init) for SPI_Init
    bsp_spi.o(i.Bsp_Spi_Init) refers to stm32f10x_spi.o(i.SPI_Cmd) for SPI_Cmd
    bsp_spi.o(i.Bsp_Spi_Init) refers to stm32f10x_gpio.o(i.GPIO_ResetBits) for GPIO_ResetBits
    bsp_spi.o(i.Bsp_Spi_Init) refers to bsp_timer2.o(i.Delay_ms) for Delay_ms
    bsp_spi.o(i.SPI1_Set_Speed) refers to stm32f10x_spi.o(i.SPI_Cmd) for SPI_Cmd
    bsp_spi.o(i.SPI1_Set_Speed) refers to stm32f10x_spi.o(i.SPI_Init) for SPI_Init
    bsp_spi.o(i.SPI1_WK2412S1_ReadByte) refers to bsp_spi.o(i.SPI1_WK2412S1_Read_Write) for SPI1_WK2412S1_Read_Write
    bsp_spi.o(i.SPI1_WK2412S1_Read_Write) refers to stm32f10x_spi.o(i.SPI_I2S_GetFlagStatus) for SPI_I2S_GetFlagStatus
    bsp_spi.o(i.SPI1_WK2412S1_Read_Write) refers to stm32f10x_spi.o(i.SPI_I2S_SendData) for SPI_I2S_SendData
    bsp_spi.o(i.SPI1_WK2412S1_Read_Write) refers to stm32f10x_spi.o(i.SPI_I2S_ReceiveData) for SPI_I2S_ReceiveData
    bsp_spi.o(i.SPI2_Set_Speed) refers to stm32f10x_spi.o(i.SPI_Cmd) for SPI_Cmd
    bsp_spi.o(i.SPI2_Set_Speed) refers to stm32f10x_spi.o(i.SPI_Init) for SPI_Init
    bsp_spi.o(i.SPI2_WK2412S2_ReadByte) refers to bsp_spi.o(i.SPI2_WK2412S2_Read_Write) for SPI2_WK2412S2_Read_Write
    bsp_spi.o(i.SPI2_WK2412S2_Read_Write) refers to stm32f10x_spi.o(i.SPI_I2S_GetFlagStatus) for SPI_I2S_GetFlagStatus
    bsp_spi.o(i.SPI2_WK2412S2_Read_Write) refers to stm32f10x_spi.o(i.SPI_I2S_SendData) for SPI_I2S_SendData
    bsp_spi.o(i.SPI2_WK2412S2_Read_Write) refers to stm32f10x_spi.o(i.SPI_I2S_ReceiveData) for SPI_I2S_ReceiveData
    bsp_systick.o(i.Bsp_Systick_Init) refers to system_stm32f10x.o(.data) for SystemCoreClock
    bsp_systick.o(i.Run_Led_Flash) refers to stm32f10x_gpio.o(i.GPIO_ResetBits) for GPIO_ResetBits
    bsp_systick.o(i.Run_Led_Flash) refers to stm32f10x_gpio.o(i.GPIO_SetBits) for GPIO_SetBits
    bsp_systick.o(i.Run_Led_Flash) refers to bsp_systick.o(.data) for i
    bsp_systick.o(i.SysTick_Handler) refers to soft_timer.o(i.timer_periodic_refresh) for timer_periodic_refresh
    bsp_systick.o(i.SysTick_Handler) refers to bsp_systick.o(.data) for msTicks
    bsp_timer2.o(i.Bsp_TIM2_Init) refers to stm32f10x_rcc.o(i.RCC_APB1PeriphClockCmd) for RCC_APB1PeriphClockCmd
    bsp_timer2.o(i.Bsp_TIM2_Init) refers to stm32f10x_tim.o(i.TIM_TimeBaseInit) for TIM_TimeBaseInit
    bsp_timer2.o(i.Delay_ms) refers to stm32f10x_tim.o(i.TIM_Cmd) for TIM_Cmd
    bsp_timer2.o(i.Delay_ms) refers to stm32f10x_tim.o(i.TIM_SetCounter) for TIM_SetCounter
    bsp_timer2.o(i.Delay_ms) refers to stm32f10x_tim.o(i.TIM_GetCounter) for TIM_GetCounter
    bsp_usart2.o(i.Bsp_Usart2_Init) refers to stm32f10x_rcc.o(i.RCC_APB2PeriphClockCmd) for RCC_APB2PeriphClockCmd
    bsp_usart2.o(i.Bsp_Usart2_Init) refers to stm32f10x_rcc.o(i.RCC_APB1PeriphClockCmd) for RCC_APB1PeriphClockCmd
    bsp_usart2.o(i.Bsp_Usart2_Init) refers to misc.o(i.NVIC_Init) for NVIC_Init
    bsp_usart2.o(i.Bsp_Usart2_Init) refers to stm32f10x_gpio.o(i.GPIO_Init) for GPIO_Init
    bsp_usart2.o(i.Bsp_Usart2_Init) refers to stm32f10x_usart.o(i.USART_Init) for USART_Init
    bsp_usart2.o(i.Bsp_Usart2_Init) refers to misc.o(i.NVIC_PriorityGroupConfig) for NVIC_PriorityGroupConfig
    bsp_usart2.o(i.Bsp_Usart2_Init) refers to stm32f10x_usart.o(i.USART_ITConfig) for USART_ITConfig
    bsp_usart2.o(i.Bsp_Usart2_Init) refers to stm32f10x_usart.o(i.USART_Cmd) for USART_Cmd
    bsp_usart2.o(i.Bsp_Usart2_Init) refers to stm32f10x_usart.o(i.USART_ClearFlag) for USART_ClearFlag
    bsp_usart2.o(i.USART2_IRQHandler) refers to soft_timer.o(i.reload_timer) for reload_timer
    bsp_usart2.o(i.USART2_IRQHandler) refers to soft_timer.o(i.start_timer) for start_timer
[...]
    d:\\Keil_v5\\ARM\\PACK\\Keil\\STM32F1xx_DFP\\2.1.0\\Device\\StdPeriph_Driver\\src\\stm32f10x_wwdg.c 0x00000000   Number         0  stm32f10x_wwdg.o ABSOLUTE
    dc.s                                     0x00000000   Number         0  dc.o ABSOLUTE
    handlers.s                               0x00000000   Number         0  handlers.o ABSOLUTE
    init.s                                   0x00000000   Number         0  init.o ABSOLUTE
    RESET                                    0x08000000   Section      236  startup_stm32f10x_md.o(RESET)
    .ARM.Collect$$$$00000000                 0x080000ec   Section        0  entry.o(.ARM.Collect$$$$00000000)
    .ARM.Collect$$$$00000001                 0x080000ec   Section        4  entry2.o(.ARM.Collect$$$$00000001)
    .ARM.Collect$$$$00000004                 0x080000f0   Section        4  entry5.o(.ARM.Collect$$$$00000004)
    .ARM.Collect$$$$00000008                 0x080000f4   Section        0  entry7b.o(.ARM.Collect$$$$00000008)
    .ARM.Collect$$$$0000000A                 0x080000f4   Section        0  entry8b.o(.ARM.Collect$$$$0000000A)
    .ARM.Collect$$$$0000000B                 0x080000f4   Section        8  entry9a.o(.ARM.Collect$$$$0000000B)
    .ARM.Collect$$$$0000000D                 0x080000fc   Section        0  entry10a.o(.ARM.Collect$$$$0000000D)
    .ARM.Collect$$$$0000000F                 0x080000fc   Section        0  entry11a.o(.ARM.Collect$$$$0000000F)
    .ARM.Collect$$$$00002712                 0x080000fc   Section        4  entry2.o(.ARM.Collect$$$$00002712)
    __lit__00000000                          0x080000fc   Data           4  entry2.o(.ARM.Collect$$$$00002712)
    .text                                    0x08000100   Section       36  startup_stm32f10x_md.o(.text)
    .text                                    0x08000124   Section        0  memcpya.o(.text)
    .text                                    0x08000148   Section        0  memseta.o(.text)
    .text                                    0x0800016c   Section       36  init.o(.text)
    .text                                    0x08000190   Section        0  __dczerorl2.o(.text)
    i.Back_Order_To_Source                   0x080001e8   Section        0  s3c44b0x.o(i.Back_Order_To_Source)
    Back_Order_To_Source                     0x080001e9   Thumb Code   112  s3c44b0x.o(i.Back_Order_To_Source)
    i.Bsp_Board_Init                         0x08000264   Section        0  main.o(i.Bsp_Board_Init)
    Bsp_Board_Init                           0x08000265   Thumb Code    68  main.o(i.Bsp_Board_Init)
    i.Bsp_Gpio_Init                          0x080002a8   Section        0  bsp_gpio.o(i.Bsp_Gpio_Init)
    i.Bsp_Printf_Init                        0x080002e8   Section        0  bsp_printf.o(i.Bsp_Printf_Init)
    i.Bsp_Spi_Init                           0x08000374   Section        0  bsp_spi.o(i.Bsp_Spi_Init)
    i.Bsp_Systick_Init                       0x0800059c   Section        0  bsp_systick.o(i.Bsp_Systick_Init)
    i.Bsp_TIM2_Init                          0x080005fc   Section        0  bsp_timer2.o(i.Bsp_TIM2_Init)
    i.Bsp_Usart2_Init                        0x0800062c   Section        0  bsp_usart2.o(i.Bsp_Usart2_Init)
    i.Delay_ms                               0x080006f8   Section        0  bsp_timer2.o(i.Delay_ms)
    i.EXHW_WK2412S1_Read_FIFO                0x0800072c   Section        0  wk2124s.o(i.EXHW_WK2412S1_Read_FIFO)
    i.EXHW_WK2412S1_Read_Reg                 0x08000770   Section        0  wk2124s.o(i.EXHW_WK2412S1_Read_Reg)
    i.EXHW_WK2412S1_Write_FIFO               0x080007a0   Section        0  wk2124s.o(i.EXHW_WK2412S1_Write_FIFO)
    i.EXHW_WK2412S1_Write_Reg                0x080007e0   Section        0  wk2124s.o(i.EXHW_WK2412S1_Write_Reg)
    i.EXHW_WK2412S2_Disable_Tx               0x08000808   Section        0  wk2124s2.o(i.EXHW_WK2412S2_Disable_Tx)
    i.EXHW_WK2412S2_Enable_Rx                0x0800087a   Section        0  wk2124s2.o(i.EXHW_WK2412S2_Enable_Rx)
    i.EXHW_WK2412S2_Enable_Tx                0x08000940   Section        0  wk2124s2.o(i.EXHW_WK2412S2_Enable_Tx)
    i.EXHW_WK2412S2_Init                     0x080009b2   Section        0  wk2124s2.o(i.EXHW_WK2412S2_Init)
    i.EXHW_WK2412S2_Read_FIFO                0x080009d0   Section        0  wk2124s2.o(i.EXHW_WK2412S2_Read_FIFO)
    i.EXHW_WK2412S2_Read_Reg                 0x08000a18   Section        0  wk2124s2.o(i.EXHW_WK2412S2_Read_Reg)
    i.EXHW_WK2412S2_Write_FIFO               0x08000a4c   Section        0  wk2124s2.o(i.EXHW_WK2412S2_Write_FIFO)
    i.EXHW_WK2412S2_Write_Reg                0x08000a90   Section        0  wk2124s2.o(i.EXHW_WK2412S2_Write_Reg)
    i.EXHW_WK2412S_Disable_Tx                0x08000abc   Section        0  wk2124s.o(i.EXHW_WK2412S_Disable_Tx)
    i.EXHW_WK2412S_Enable_Rx                 0x08000b30   Section        0  wk2124s.o(i.EXHW_WK2412S_Enable_Rx)
    i.EXHW_WK2412S_Enable_Tx                 0x08000bf6   Section        0  wk2124s.o(i.EXHW_WK2412S_Enable_Tx)
    i.EXHW_WK2412S_Init                      0x08000c6a   Section        0  wk2124s.o(i.EXHW_WK2412S_Init)
    i.EXTI0_IRQHandler                       0x08000c86   Section        0  wk2124s.o(i.EXTI0_IRQHandler)
    i.EXTI15_10_IRQHandler                   0x08000cdc   Section        0  wk2124s2.o(i.EXTI15_10_IRQHandler)
    i.EXTI_ClearITPendingBit                 0x08000d38   Section        0  stm32f10x_exti.o(i.EXTI_ClearITPendingBit)
    i.EXTI_GetITStatus                       0x08000d44   Section        0  stm32f10x_exti.o(i.EXTI_GetITStatus)
    i.EXTI_Init                              0x08000d6c   Section        0  stm32f10x_exti.o(i.EXTI_Init)
    i.GPIO_EXTILineConfig                    0x08000e00   Section        0  stm32f10x_gpio.o(i.GPIO_EXTILineConfig)
    i.GPIO_Init                              0x08000e40   Section        0  stm32f10x_gpio.o(i.GPIO_Init)
    i.GPIO_PinRemapConfig                    0x08000f58   Section        0  stm32f10x_gpio.o(i.GPIO_PinRemapConfig)
    i.GPIO_ResetBits                         0x08000fe8   Section        0  stm32f10x_gpio.o(i.GPIO_ResetBits)
    i.GPIO_SetBits                           0x08000fec   Section        0  stm32f10x_gpio.o(i.GPIO_SetBits)
    i.HW_WK2124_epca0_Init                   0x08000ff0   Section        0  wk2124_epca0.o(i.HW_WK2124_epca0_Init)
    i.HW_WK2124_epca1_Init                   0x08001044   Section        0  wk2124_epca1.o(i.HW_WK2124_epca1_Init)
    i.HW_WK2124_epca2_Init                   0x08001098   Section        0  wk2124_epca2.o(i.HW_WK2124_epca2_Init)
    i.HW_WK2124_pca0_Init                    0x080010ec   Section        0  wk2124_pca0.o(i.HW_WK2124_pca0_Init)
    i.HW_WK2124_pca1_Init                    0x08001140   Section        0  wk2124_pca1.o(i.HW_WK2124_pca1_Init)
    i.HW_WK2124_uart0_Init                   0x08001194   Section        0  wk2124_uart0.o(i.HW_WK2124_uart0_Init)
    i.HW_WK2124_usart0_Init                  0x080011e8   Section        0  wk2124_usart0.o(i.HW_WK2124_usart0_Init)
    i.HW_WK2124_usart1_Init                  0x0800123c   Section        0  wk2124_usart1.o(i.HW_WK2124_usart1_Init)
    i.Initialize_a_node                      0x08001290   Section        0  newlist.o(i.Initialize_a_node)
    i.Is_this_EmptyList                      0x0800129c   Section        0  newlist.o(i.Is_this_EmptyList)
    i.Load_Data                              0x080012b0   Section        0  s3c44b0x.o(i.Load_Data)
    Load_Data                                0x080012b1   Thumb Code   262  s3c44b0x.o(i.Load_Data)
    i.NVIC_Configuration                     0x080013c4   Section        0  bsp_printf.o(i.NVIC_Configuration)
    NVIC_Configuration                       0x080013c5   Thumb Code    42  bsp_printf.o(i.NVIC_Configuration)
    i.NVIC_Init                              0x080013f0   Section        0  misc.o(i.NVIC_Init)
    i.NVIC_PriorityGroupConfig               0x08001460   Section        0  misc.o(i.NVIC_PriorityGroupConfig)
    i.Oops_verify_data_volume_frameid        0x08001474   Section        0  s3c44b0x.o(i.Oops_verify_data_volume_frameid)
    i.Patch_guide_action                     0x0800163c   Section        0  s3c44b0x.o(i.Patch_guide_action)
    Patch_guide_action                       0x0800163d   Thumb Code   174  s3c44b0x.o(i.Patch_guide_action)
    i.RCC_APB1PeriphClockCmd                 0x080016f4   Section        0  stm32f10x_rcc.o(i.RCC_APB1PeriphClockCmd)
    i.RCC_APB2PeriphClockCmd                 0x08001714   Section        0  stm32f10x_rcc.o(i.RCC_APB2PeriphClockCmd)
    i.RCC_GetClocksFreq                      0x08001734   Section        0  stm32f10x_rcc.o(i.RCC_GetClocksFreq)
    i.ReadFlashData                          0x08001808   Section        0  bsp_flash.o(i.ReadFlashData)
    i.Run_Led_Flash                          0x08001824   Section        0  bsp_systick.o(i.Run_Led_Flash)
    i.SPI1_WK2412S1_Read_Write               0x08001854   Section        0  bsp_spi.o(i.SPI1_WK2412S1_Read_Write)
    i.SPI2_WK2412S2_Read_Write               0x0800188c   Section        0  bsp_spi.o(i.SPI2_WK2412S2_Read_Write)
    i.SPI_Cmd                                0x080018c4   Section        0  stm32f10x_spi.o(i.SPI_Cmd)
    i.SPI_I2S_GetFlagStatus                  0x080018dc   Section        0  stm32f10x_spi.o(i.SPI_I2S_GetFlagStatus)
    i.SPI_I2S_ReceiveData                    0x080018ee   Section        0  stm32f10x_spi.o(i.SPI_I2S_ReceiveData)
    i.SPI_I2S_SendData                       0x080018f4   Section        0  stm32f10x_spi.o(i.SPI_I2S_SendData)
    i.SPI_Init                               0x080018f8   Section        0  stm32f10x_spi.o(i.SPI_Init)
    i.SetSysClock                            0x08001934   Section        0  system_stm32f10x.o(i.SetSysClock)
    SetSysClock                              0x08001935   Thumb Code     8  system_stm32f10x.o(i.SetSysClock)
    i.SetSysClockTo72                        0x0800193c   Section        0  system_stm32f10x.o(i.SetSysClockTo72)
    SetSysClockTo72                          0x0800193d   Thumb Code   214  system_stm32f10x.o(i.SetSysClockTo72)
    i.SysTick_Handler                        0x08001a1c   Section        0  bsp_systick.o(i.SysTick_Handler)
    i.SystemInit                             0x08001a78   Section        0  system_stm32f10x.o(i.SystemInit)
    i.TIM_Cmd                                0x08001ad8   Section        0  stm32f10x_tim.o(i.TIM_Cmd)
    i.TIM_GetCounter                         0x08001af0   Section        0  stm32f10x_tim.o(i.TIM_GetCounter)
    i.TIM_SetCounter                         0x08001af6   Section        0  stm32f10x_tim.o(i.TIM_SetCounter)
    i.TIM_TimeBaseInit                       0x08001afc   Section        0  stm32f10x_tim.o(i.TIM_TimeBaseInit)
    i.USART2_IRQHandler                      0x08001ba0   Section        0  bsp_usart2.o(i.USART2_IRQHandler)
    i.USART_ClearFlag                        0x08001c68   Section        0  stm32f10x_usart.o(i.USART_ClearFlag)
    i.USART_Cmd                              0x08001c7a   Section        0  stm32f10x_usart.o(i.USART_Cmd)
    i.USART_GetFlagStatus                    0x08001c92   Section        0  stm32f10x_usart.o(i.USART_GetFlagStatus)
    i.USART_ITConfig                         0x08001cac   Section        0  stm32f10x_usart.o(i.USART_ITConfig)
    i.USART_Init                             0x08001cf8   Section        0  stm32f10x_usart.o(i.USART_Init)
    i.USART_SendData                         0x08001dd0   Section        0  stm32f10x_usart.o(i.USART_SendData)
    i.WK2124_epca0_IRQHandler                0x08001dd8   Section        0  wk2124_epca0.o(i.WK2124_epca0_IRQHandler)
    i.WK2124_epca0_Send_String               0x08001e4c   Section        0  wk2124_epca0.o(i.WK2124_epca0_Send_String)
    i.WK2124_epca1_IRQHandler                0x08001ec4   Section        0  wk2124_epca1.o(i.WK2124_epca1_IRQHandler)
    i.WK2124_epca1_Send_String               0x08001f38   Section        0  wk2124_epca1.o(i.WK2124_epca1_Send_String)
    i.WK2124_epca2_IRQHandler                0x08001fb0   Section        0  wk2124_epca2.o(i.WK2124_epca2_IRQHandler)
    i.WK2124_epca2_Send_String               0x08002024   Section        0  wk2124_epca2.o(i.WK2124_epca2_Send_String)
    i.WK2124_pca0_IRQHandler                 0x0800209c   Section        0  wk2124_pca0.o(i.WK2124_pca0_IRQHandler)
    i.WK2124_pca0_Send_String                0x08002110   Section        0  wk2124_pca0.o(i.WK2124_pca0_Send_String)
    i.WK2124_pca1_IRQHandler                 0x08002188   Section        0  wk2124_pca1.o(i.WK2124_pca1_IRQHandler)
    i.WK2124_pca1_Send_String                0x080021fc   Section        0  wk2124_pca1.o(i.WK2124_pca1_Send_String)
    i.WK2124_uart0_IRQHandler                0x08002278   Section        0  wk2124_uart0.o(i.WK2124_uart0_IRQHandler)
    i.WK2124_uart0_Send_String               0x080022ec   Section        0  wk2124_uart0.o(i.WK2124_uart0_Send_String)
    i.WK2124_usart0_IRQHandler               0x08002368   Section        0  wk2124_usart0.o(i.WK2124_usart0_IRQHandler)
    i.WK2124_usart0_Send_String              0x080023dc   Section        0  wk2124_usart0.o(i.WK2124_usart0_Send_String)
    i.WK2124_usart1_IRQHandler               0x08002454   Section        0  wk2124_usart1.o(i.WK2124_usart1_IRQHandler)
    i.WK2124_usart1_Send_String              0x080024c8   Section        0  wk2124_usart1.o(i.WK2124_usart1_Send_String)
    i.Wk2124S1_1_GetBuf                      0x08002544   Section        0  wk2124_uart0.o(i.Wk2124S1_1_GetBuf)
    i.Wk2124S1_1_SendBuf                     0x0800257e   Section        0  wk2124_uart0.o(i.Wk2124S1_1_SendBuf)
    i.Wk2124S1_2_GetBuf                      0x080025ce   Section        0  wk2124_usart1.o(i.Wk2124S1_2_GetBuf)
    i.Wk2124S1_2_SendBuf                     0x08002608   Section        0  wk2124_usart1.o(i.Wk2124S1_2_SendBuf)
    i.Wk2124S1_3_GetBuf                      0x08002658   Section        0  wk2124_pca1.o(i.Wk2124S1_3_GetBuf)
    i.Wk2124S1_3_SendBuf                     0x08002692   Section        0  wk2124_pca1.o(i.Wk2124S1_3_SendBuf)
    i.Wk2124S1_4_GetBuf                      0x080026e2   Section        0  wk2124_pca0.o(i.Wk2124S1_4_GetBuf)
    i.Wk2124S1_4_SendBuf                     0x0800271c   Section        0  wk2124_pca0.o(i.Wk2124S1_4_SendBuf)
    i.Wk2124S2_5_GetBuf                      0x0800276c   Section        0  wk2124_epca2.o(i.Wk2124S2_5_GetBuf)
    i.Wk2124S2_5_SendBuf                     0x080027a6   Section        0  wk2124_epca2.o(i.Wk2124S2_5_SendBuf)
    i.Wk2124S2_6_GetBuf                      0x080027f6   Section        0  wk2124_epca1.o(i.Wk2124S2_6_GetBuf)
    i.Wk2124S2_6_SendBuf                     0x08002830   Section        0  wk2124_epca1.o(i.Wk2124S2_6_SendBuf)
    i.Wk2124S2_7_GetBuf                      0x08002880   Section        0  wk2124_epca0.o(i.Wk2124S2_7_GetBuf)
    i.Wk2124S2_7_SendBuf                     0x080028ba   Section        0  wk2124_epca0.o(i.Wk2124S2_7_SendBuf)
    i.Wk2124S2_8_GetBuf                      0x0800290a   Section        0  wk2124_usart0.o(i.Wk2124S2_8_GetBuf)
    i.Wk2124S2_8_SendBuf                     0x08002944   Section        0  wk2124_usart0.o(i.Wk2124S2_8_SendBuf)
    i.__0printf$bare                         0x08002994   Section        0  printfb.o(i.__0printf$bare)
    i.__scatterload_copy                     0x080029a4   Section       14  handlers.o(i.__scatterload_copy)
    i.__scatterload_null                     0x080029b2   Section        2  handlers.o(i.__scatterload_null)
    i.__scatterload_zeroinit                 0x080029b4   Section       14  handlers.o(i.__scatterload_zeroinit)
    i._printf_core                           0x080029c2   Section        0  printfb.o(i._printf_core)
    _printf_core                             0x080029c3   Thumb Code    34  printfb.o(i._printf_core)
    i.active_myPherial_from_reset            0x080029e4   Section        0  timerout.o(i.active_myPherial_from_reset)
    i.add_a_new_node                         0x08002b90   Section        0  newlist.o(i.add_a_new_node)
    i.add_timer                              0x08002bfc   Section        0  soft_timer.o(i.add_timer)
    i.alarm_module_tray_connect              0x08002c40   Section        0  cf8051.o(i.alarm_module_tray_connect)
    alarm_module_tray_connect                0x08002c41   Thumb Code   170  cf8051.o(i.alarm_module_tray_connect)
    i.alarm_module_tray_disconnect           0x08002cf8   Section        0  cf8051.o(i.alarm_module_tray_disconnect)
    alarm_module_tray_disconnect             0x08002cf9   Thumb Code   104  cf8051.o(i.alarm_module_tray_disconnect)
    i.alarm_module_tray_input_illeagle       0x08002d68   Section        0  cf8051.o(i.alarm_module_tray_input_illeagle)
    alarm_module_tray_input_illeagle         0x08002d69   Thumb Code   150  cf8051.o(i.alarm_module_tray_input_illeagle)
    i.alarm_module_tray_input_illeagle_return_to_normal 0x08002e0c   Section        0  cf8051.o(i.alarm_module_tray_input_illeagle_return_to_normal)
    alarm_module_tray_input_illeagle_return_to_normal 0x08002e0d   Thumb Code   162  cf8051.o(i.alarm_module_tray_input_illeagle_return_to_normal)
    i.alarm_module_tray_output_illeagle      0x08002ebc   Section        0  cf8051.o(i.alarm_module_tray_output_illeagle)
    alarm_module_tray_output_illeagle        0x08002ebd   Thumb Code   156  cf8051.o(i.alarm_module_tray_output_illeagle)
    i.alarm_module_tray_output_illeagle_return_to_normal 0x08002f64   Section        0  cf8051.o(i.alarm_module_tray_output_illeagle_return_to_normal)
    alarm_module_tray_output_illeagle_return_to_normal 0x08002f65   Thumb Code   162  cf8051.o(i.alarm_module_tray_output_illeagle_return_to_normal)
    i.app_calccrc8                           0x08003014   Section        0  crc8.o(i.app_calccrc8)
    i.back_trays_types                       0x08003058   Section        0  cf8051.o(i.back_trays_types)
    i.cf8051_boards_info_handler             0x08003074   Section        0  cf8051.o(i.cf8051_boards_info_handler)
    cf8051_boards_info_handler               0x08003075   Thumb Code  1600  cf8051.o(i.cf8051_boards_info_handler)
    i.cf8051_recv_data_crc_check             0x080036c8   Section        0  cf8051.o(i.cf8051_recv_data_crc_check)
    cf8051_recv_data_crc_check               0x080036c9   Thumb Code    80  cf8051.o(i.cf8051_recv_data_crc_check)
    i.cf8051_recv_handle_pthread             0x08003718   Section        0  cf8051.o(i.cf8051_recv_handle_pthread)
    cf8051_recv_handle_pthread               0x08003719   Thumb Code   372  cf8051.o(i.cf8051_recv_handle_pthread)
    i.cf8051_send_data_pthread               0x080038b0   Section        0  cf8051.o(i.cf8051_send_data_pthread)
    cf8051_send_data_pthread                 0x080038b1   Thumb Code    78  cf8051.o(i.cf8051_send_data_pthread)
    i.cf8051_service_routine                 0x0800390c   Section        0  cf8051.o(i.cf8051_service_routine)
    i.clear_cache_data                       0x08003a58   Section        0  cf8051.o(i.clear_cache_data)
    clear_cache_data                         0x08003a59   Thumb Code    24  cf8051.o(i.clear_cache_data)
    i.cmd_0x0d_sub_cmd_xx_timeout_func       0x08003a74   Section        0  cf8051.o(i.cmd_0x0d_sub_cmd_xx_timeout_func)
    i.communication_logs                     0x08003c00   Section        0  cf8051.o(i.communication_logs)
    communication_logs                       0x08003c01   Thumb Code    94  cf8051.o(i.communication_logs)
    i.cpu_disable_irq                        0x08003c6c   Section        0  bsp_timer2.o(i.cpu_disable_irq)
    i.cpu_enable_irq                         0x08003c6e   Section        0  bsp_timer2.o(i.cpu_enable_irq)
    i.crc8                                   0x08003c70   Section        0  crc8.o(i.crc8)
    i.createNewList                          0x08003ce4   Section        0  newlist.o(i.createNewList)
    i.detect_uarts                           0x08003d14   Section        0  cf8051.o(i.detect_uarts)
    detect_uarts                             0x08003d15   Thumb Code    60  cf8051.o(i.detect_uarts)
    i.epca0_timeover_proc                    0x08003d70   Section        0  timerout.o(i.epca0_timeover_proc)
    i.epca1_timeover_proc                    0x08003d84   Section        0  timerout.o(i.epca1_timeover_proc)
    i.epca2_timeover_proc                    0x08003d98   Section        0  timerout.o(i.epca2_timeover_proc)
    i.fputc                                  0x08003dac   Section        0  bsp_printf.o(i.fputc)
    i.free                                   0x08003dd0   Section        0  malloc.o(i.free)
    i.fulling_resource_trayNums_data         0x08003e20   Section        0  s3c44b0x.o(i.fulling_resource_trayNums_data)
    fulling_resource_trayNums_data           0x08003e21   Thumb Code   288  s3c44b0x.o(i.fulling_resource_trayNums_data)
    i.fulling_version_trayNums_data          0x08003f4c   Section        0  s3c44b0x.o(i.fulling_version_trayNums_data)
    fulling_version_trayNums_data            0x08003f4d   Thumb Code   106  s3c44b0x.o(i.fulling_version_trayNums_data)
    i.fulling_zd_tray_resource_trayNums_data 0x08003fd4   Section        0  s3c44b0x.o(i.fulling_zd_tray_resource_trayNums_data)
    fulling_zd_tray_resource_trayNums_data   0x08003fd5   Thumb Code    66  s3c44b0x.o(i.fulling_zd_tray_resource_trayNums_data)
    i.led_guide_test                         0x08004024   Section        0  s3c44b0x.o(i.led_guide_test)
    led_guide_test                           0x08004025   Thumb Code   310  s3c44b0x.o(i.led_guide_test)
    i.led_timeover_proc                      0x0800416c   Section        0  timerout.o(i.led_timeover_proc)
    i.main                                   0x08004188   Section        0  main.o(i.main)
    i.mainboard_A6_or_F6_msgs_handle         0x08004244   Section        0  s3c44b0x.o(i.mainboard_A6_or_F6_msgs_handle)
    mainboard_A6_or_F6_msgs_handle           0x08004245   Thumb Code   748  s3c44b0x.o(i.mainboard_A6_or_F6_msgs_handle)
    i.mainboard_service_routine              0x08004558   Section        0  s3c44b0x.o(i.mainboard_service_routine)
    i.malloc                                 0x080045fc   Section        0  malloc.o(i.malloc)
    i.myFLASHCTRL0_run_erase_page_mode       0x08004668   Section        0  bsp_flash.o(i.myFLASHCTRL0_run_erase_page_mode)
    i.myFLASHCTRL0_run_write_flash_mode      0x0800466a   Section        0  bsp_flash.o(i.myFLASHCTRL0_run_write_flash_mode)
    i.mySerial_disable_tx                    0x0800466c   Section        0  myservice.o(i.mySerial_disable_tx)
    i.mySerial_enable_rx                     0x080046c6   Section        0  myservice.o(i.mySerial_enable_rx)
    i.mySerial_enable_send                   0x08004720   Section        0  myservice.o(i.mySerial_enable_send)
    i.mySerial_enable_tx                     0x08004790   Section        0  myservice.o(i.mySerial_enable_tx)
    i.mySerial_send_string                   0x080047ec   Section        0  myservice.o(i.mySerial_send_string)
    i.myUART1_send_multi_bytes               0x08004874   Section        0  bsp_usart2.o(i.myUART1_send_multi_bytes)
    i.open_uart1_rx_function                 0x080048e0   Section        0  bsp_usart2.o(i.open_uart1_rx_function)
    i.orders_operations                      0x08004914   Section        0  s3c44b0x.o(i.orders_operations)
    orders_operations                        0x08004915   Thumb Code  1612  s3c44b0x.o(i.orders_operations)
    i.part3_feedback_msgs_to_s3c44b0x        0x08004f70   Section        0  s3c44b0x.o(i.part3_feedback_msgs_to_s3c44b0x)
    part3_feedback_msgs_to_s3c44b0x          0x08004f71   Thumb Code   340  s3c44b0x.o(i.part3_feedback_msgs_to_s3c44b0x)
    i.part3_repost_s3c44bx0_data_to_cf8051   0x080050fc   Section        0  s3c44b0x.o(i.part3_repost_s3c44bx0_data_to_cf8051)
    part3_repost_s3c44bx0_data_to_cf8051     0x080050fd   Thumb Code   144  s3c44b0x.o(i.part3_repost_s3c44bx0_data_to_cf8051)
    i.pca0_timeover_proc                     0x08005190   Section        0  timerout.o(i.pca0_timeover_proc)
    i.pca1_timeover_proc                     0x080051a4   Section        0  timerout.o(i.pca1_timeover_proc)
    i.read_410_ports_info                    0x080051b8   Section        0  s3c44b0x.o(i.read_410_ports_info)
    read_410_ports_info                      0x080051b9   Thumb Code   164  s3c44b0x.o(i.read_410_ports_info)
    i.read_tray_info                         0x0800527c   Section        0  s3c44b0x.o(i.read_tray_info)
    read_tray_info                           0x0800527d   Thumb Code    80  s3c44b0x.o(i.read_tray_info)
    i.read_version_info                      0x080052d4   Section        0  s3c44b0x.o(i.read_version_info)
    read_version_info                        0x080052d5   Thumb Code   400  s3c44b0x.o(i.read_version_info)
    i.reload_timer                           0x0800549c   Section        0  soft_timer.o(i.reload_timer)
    i.remove_a_old_node                      0x080054a4   Section        0  newlist.o(i.remove_a_old_node)
    i.repost_data_to_cf8051_immediately      0x080054f4   Section        0  cf8051.o(i.repost_data_to_cf8051_immediately)
    i.repost_update_packet                   0x08005664   Section        0  cf8051.o(i.repost_update_packet)
    i.reset_mcu_enter_default_mode           0x08005738   Section        0  myservice.o(i.reset_mcu_enter_default_mode)
    i.resource_timeover_proc                 0x0800573c   Section        0  timerout.o(i.resource_timeover_proc)
    i.sim3u146_kaiji_cmd_to_s3c2416          0x08005784   Section        0  s3c44b0x.o(i.sim3u146_kaiji_cmd_to_s3c2416)
    sim3u146_kaiji_cmd_to_s3c2416            0x08005785   Thumb Code   110  s3c44b0x.o(i.sim3u146_kaiji_cmd_to_s3c2416)
    i.sim3u146_updata_ok_to_s3c2416          0x080057f8   Section        0  s3c44b0x.o(i.sim3u146_updata_ok_to_s3c2416)
    sim3u146_updata_ok_to_s3c2416            0x080057f9   Thumb Code   114  s3c44b0x.o(i.sim3u146_updata_ok_to_s3c2416)
    i.soft_timer_list_reset                  0x08005870   Section        0  soft_timer.o(i.soft_timer_list_reset)
    i.software_update_cf8051                 0x0800587c   Section        0  s3c44b0x.o(i.software_update_cf8051)
    software_update_cf8051                   0x0800587d   Thumb Code  1770  s3c44b0x.o(i.software_update_cf8051)
    i.software_update_sim3u1xx               0x08005f88   Section        0  s3c44b0x.o(i.software_update_sim3u1xx)
    software_update_sim3u1xx                 0x08005f89   Thumb Code    50  s3c44b0x.o(i.software_update_sim3u1xx)
    i.sort_list_from_priority                0x08005fc0   Section        0  newlist.o(i.sort_list_from_priority)
    i.start_timer                            0x08005ff8   Section        0  soft_timer.o(i.start_timer)
    i.stop_timer                             0x08005ffe   Section        0  soft_timer.o(i.stop_timer)
    i.timer_periodic_refresh                 0x08006008   Section        0  soft_timer.o(i.timer_periodic_refresh)
    i.uart0_timeover_proc                    0x0800603c   Section        0  timerout.o(i.uart0_timeover_proc)
    i.uart1_timeover_proc                    0x08006050   Section        0  timerout.o(i.uart1_timeover_proc)
    i.unControl_wirteEID_info                0x08006064   Section        0  s3c44b0x.o(i.unControl_wirteEID_info)
    unControl_wirteEID_info                  0x08006065   Thumb Code   268  s3c44b0x.o(i.unControl_wirteEID_info)
    i.update_restart_proc                    0x0800617c   Section        0  timerout.o(i.update_restart_proc)
    i.update_startup_proc                    0x0800623c   Section        0  timerout.o(i.update_startup_proc)
    i.update_write_packets_proc              0x080062f0   Section        0  timerout.o(i.update_write_packets_proc)
    i.usart0_timeover_proc                   0x0800639c   Section        0  timerout.o(i.usart0_timeover_proc)
    i.usart1_timeover_proc                   0x080063b0   Section        0  timerout.o(i.usart1_timeover_proc)
    i.usart2_rx_irq_enable                   0x080063c4   Section        0  bsp_usart2.o(i.usart2_rx_irq_enable)
    i.write_EID_to_410                       0x080063e8   Section        0  s3c44b0x.o(i.write_EID_to_410)
    write_EID_to_410                         0x080063e9   Thumb Code    66  s3c44b0x.o(i.write_EID_to_410)
    i.yijian_read_version_timer_proc         0x08006434   Section        0  timerout.o(i.yijian_read_version_timer_proc)
    .data                                    0x20000000   Section       25  bsp_systick.o(.data)
    i                                        0x20000018   Data           1  bsp_systick.o(.data)
    .data                                    0x2000001a   Section     5164  cf8051.o(.data)
    serial                                   0x20001443   Data           1  cf8051.o(.data)
    tray_types                               0x20001444   Data           1  cf8051.o(.data)
    tray_index                               0x20001445   Data           1  cf8051.o(.data)
    .data                                    0x20001448   Section        4  newlist.o(.data)
    .data                                    0x2000144c   Section      165  s3c44b0x.o(.data)
    kaiji_first                              0x200014f0   Data           1  s3c44b0x.o(.data)
    .data                                    0x200014f4   Section        4  soft_timer.o(.data)
    soft_timer_list                          0x200014f4   Data           4  soft_timer.o(.data)
    .data                                    0x200014f8   Section       45  timerout.o(.data)
    .data                                    0x20001528   Section       20  system_stm32f10x.o(.data)
    .data                                    0x2000153c   Section       20  stm32f10x_rcc.o(.data)
    APBAHBPrescTable                         0x2000153c   Data          16  stm32f10x_rcc.o(.data)
    ADCPrescTable                            0x2000154c   Data           4  stm32f10x_rcc.o(.data)
    .data                                    0x20001550   Section        4  stdout.o(.data)
    .data                                    0x20001554   Section        4  mvars.o(.data)
    .data                                    0x20001558   Section        4  mvars.o(.data)
    .bss                                     0x2000155c   Section      704  bsp_usart2.o(.bss)
    .bss                                     0x2000181c   Section       11  bsp_flash.o(.bss)
    .bss                                     0x20001828   Section      614  wk2124_uart0.o(.bss)
    .bss                                     0x20001a8e   Section      614  wk2124_usart1.o(.bss)
    .bss                                     0x20001cf4   Section      614  wk2124_pca1.o(.bss)
    .bss                                     0x20001f5a   Section      614  wk2124_pca0.o(.bss)
    .bss                                     0x200021c0   Section      614  wk2124_epca2.o(.bss)
    .bss                                     0x20002426   Section      614  wk2124_epca1.o(.bss)
    .bss                                     0x2000268c   Section      614  wk2124_epca0.o(.bss)
    .bss                                     0x200028f2   Section      614  wk2124_usart0.o(.bss)
    .bss                                     0x20002b58   Section       58  cf8051.o(.bss)
    .bss                                     0x20002b94   Section     4910  timerout.o(.bss)
    HEAP                                     0x20003ec8   Section      512  startup_stm32f10x_md.o(HEAP)
    STACK                                    0x200040c8   Section     1024  startup_stm32f10x_md.o(STACK)

    Global Symbols

    Symbol Name                              Value     Ov Type        Size  Object(Section)

    BuildAttributes$$THM_ISAv4$P$D$K$B$S$PE$A:L22UL41UL21$X:L11$S22US41US21$IEEE1$IW$USESV6$~STKCKD$USESV7$~SHL$OSPACE$ROPI$EBA8$MICROLIB$REQ8$PRES8$EABIv2 0x00000000   Number         0  anon$$obj.o ABSOLUTE
    __ARM_use_no_argv                        0x00000000   Number         0  main.o ABSOLUTE
    __cpp_initialize__aeabi_                  - Undefined Weak Reference
    __cxa_finalize                            - Undefined Weak Reference
    _clock_init                               - Undefined Weak Reference
    _microlib_exit                            - Undefined Weak Reference
    __Vectors_Size                           0x000000ec   Number         0  startup_stm32f10x_md.o ABSOLUTE
    __Vectors                                0x08000000   Data           4  startup_stm32f10x_md.o(RESET)
    __Vectors_End                            0x080000ec   Data           0  startup_stm32f10x_md.o(RESET)
    __main                                   0x080000ed   Thumb Code     0  entry.o(.ARM.Collect$$$$00000000)
    _main_stk                                0x080000ed   Thumb Code     0  entry2.o(.ARM.Collect$$$$00000001)
    _main_scatterload                        0x080000f1   Thumb Code     0  entry5.o(.ARM.Collect$$$$00000004)
    __main_after_scatterload                 0x080000f5   Thumb Code     0  entry5.o(.ARM.Collect$$$$00000004)
    _main_clock                              0x080000f5   Thumb Code     0  entry7b.o(.ARM.Collect$$$$00000008)
    _main_cpp_init                           0x080000f5   Thumb Code     0  entry8b.o(.ARM.Collect$$$$0000000A)
    _main_init                               0x080000f5   Thumb Code     0  entry9a.o(.ARM.Collect$$$$0000000B)
    __rt_final_cpp                           0x080000fd   Thumb Code     0  entry10a.o(.ARM.Collect$$$$0000000D)
    __rt_final_exit                          0x080000fd   Thumb Code     0  entry11a.o(.ARM.Collect$$$$0000000F)
    Reset_Handler                            0x08000101   Thumb Code     8  startup_stm32f10x_md.o(.text)
    NMI_Handler                              0x08000109   Thumb Code     2  startup_stm32f10x_md.o(.text)
    HardFault_Handler                        0x0800010b   Thumb Code     2  startup_stm32f10x_md.o(.text)
    MemManage_Handler                        0x0800010d   Thumb Code     2  startup_stm32f10x_md.o(.text)
    BusFault_Handler                         0x0800010f   Thumb Code     2  startup_stm32f10x_md.o(.text)
    UsageFault_Handler                       0x08000111   Thumb Code     2  startup_stm32f10x_md.o(.text)
    SVC_Handler                              0x08000113   Thumb Code     2  startup_stm32f10x_md.o(.text)
    DebugMon_Handler                         0x08000115   Thumb Code     2  startup_stm32f10x_md.o(.text)
    PendSV_Handler                           0x08000117   Thumb Code     2  startup_stm32f10x_md.o(.text)
    ADC1_2_IRQHandler                        0x0800011b   Thumb Code     0  startup_stm32f10x_md.o(.text)
    CAN1_RX1_IRQHandler                      0x0800011b   Thumb Code     0  startup_stm32f10x_md.o(.text)
    CAN1_SCE_IRQHandler                      0x0800011b   Thumb Code     0  startup_stm32f10x_md.o(.text)
    DMA1_Channel1_IRQHandler                 0x0800011b   Thumb Code     0  startup_stm32f10x_md.o(.text)
    DMA1_Channel2_IRQHandler                 0x0800011b   Thumb Code     0  startup_stm32f10x_md.o(.text)
    DMA1_Channel3_IRQHandler                 0x0800011b   Thumb Code     0  startup_stm32f10x_md.o(.text)
    DMA1_Channel4_IRQHandler                 0x0800011b   Thumb Code     0  startup_stm32f10x_md.o(.text)
    DMA1_Channel5_IRQHandler                 0x0800011b   Thumb Code     0  startup_stm32f10x_md.o(.text)
    DMA1_Channel6_IRQHandler                 0x0800011b   Thumb Code     0  startup_stm32f10x_md.o(.text)
    DMA1_Channel7_IRQHandler                 0x0800011b   Thumb Code     0  startup_stm32f10x_md.o(.text)
    EXTI1_IRQHandler                         0x0800011b   Thumb Code     0  startup_stm32f10x_md.o(.text)
    EXTI2_IRQHandler                         0x0800011b   Thumb Code     0  startup_stm32f10x_md.o(.text)
    EXTI3_IRQHandler                         0x0800011b   Thumb Code     0  startup_stm32f10x_md.o(.text)
    EXTI4_IRQHandler                         0x0800011b   Thumb Code     0  startup_stm32f10x_md.o(.text)
    EXTI9_5_IRQHandler                       0x0800011b   Thumb Code     0  startup_stm32f10x_md.o(.text)
    FLASH_IRQHandler                         0x0800011b   Thumb Code     0  startup_stm32f10x_md.o(.text)
    I2C1_ER_IRQHandler                       0x0800011b   Thumb Code     0  startup_stm32f10x_md.o(.text)
    I2C1_EV_IRQHandler                       0x0800011b   Thumb Code     0  startup_stm32f10x_md.o(.text)
    I2C2_ER_IRQHandler                       0x0800011b   Thumb Code     0  startup_stm32f10x_md.o(.text)
    I2C2_EV_IRQHandler                       0x0800011b   Thumb Code     0  startup_stm32f10x_md.o(.text)
    PVD_IRQHandler                           0x0800011b   Thumb Code     0  startup_stm32f10x_md.o(.text)
    RCC_IRQHandler                           0x0800011b   Thumb Code     0  startup_stm32f10x_md.o(.text)
    RTCAlarm_IRQHandler                      0x0800011b   Thumb Code     0  startup_stm32f10x_md.o(.text)
    RTC_IRQHandler                           0x0800011b   Thumb Code     0  startup_stm32f10x_md.o(.text)
    SPI1_IRQHandler                          0x0800011b   Thumb Code     0  startup_stm32f10x_md.o(.text)
    SPI2_IRQHandler                          0x0800011b   Thumb Code     0  startup_stm32f10x_md.o(.text)
    TAMPER_IRQHandler                        0x0800011b   Thumb Code     0  startup_stm32f10x_md.o(.text)
    TIM1_BRK_IRQHandler                      0x0800011b   Thumb Code     0  startup_stm32f10x_md.o(.text)
    TIM1_CC_IRQHandler                       0x0800011b   Thumb Code     0  startup_stm32f10x_md.o(.text)
    TIM1_TRG_COM_IRQHandler                  0x0800011b   Thumb Code     0  startup_stm32f10x_md.o(.text)
    TIM1_UP_IRQHandler                       0x0800011b   Thumb Code     0  startup_stm32f10x_md.o(.text)
    TIM2_IRQHandler                          0x0800011b   Thumb Code     0  startup_stm32f10x_md.o(.text)
    TIM3_IRQHandler                          0x0800011b   Thumb Code     0  startup_stm32f10x_md.o(.text)
    TIM4_IRQHandler                          0x0800011b   Thumb Code     0  startup_stm32f10x_md.o(.text)
    USART1_IRQHandler                        0x0800011b   Thumb Code     0  startup_stm32f10x_md.o(.text)
    USART3_IRQHandler                        0x0800011b   Thumb Code     0  startup_stm32f10x_md.o(.text)
    USBWakeUp_IRQHandler                     0x0800011b   Thumb Code     0  startup_stm32f10x_md.o(.text)
    USB_HP_CAN1_TX_IRQHandler                0x0800011b   Thumb Code     0  startup_stm32f10x_md.o(.text)
    USB_LP_CAN1_RX0_IRQHandler               0x0800011b   Thumb Code     0  startup_stm32f10x_md.o(.text)
    WWDG_IRQHandler                          0x0800011b   Thumb Code     0  startup_stm32f10x_md.o(.text)
    __aeabi_memcpy                           0x08000125   Thumb Code    36  memcpya.o(.text)
    __aeabi_memcpy4                          0x08000125   Thumb Code     0  memcpya.o(.text)
    __aeabi_memcpy8                          0x08000125   Thumb Code     0  memcpya.o(.text)
    __aeabi_memset                           0x08000149   Thumb Code    14  memseta.o(.text)
    __aeabi_memset4                          0x08000149   Thumb Code     0  memseta.o(.text)
    __aeabi_memset8                          0x08000149   Thumb Code     0  memseta.o(.text)
    __aeabi_memclr                           0x08000157   Thumb Code     4  memseta.o(.text)
    __aeabi_memclr4                          0x08000157   Thumb Code     0  memseta.o(.text)
    __aeabi_memclr8                          0x08000157   Thumb Code     0  memseta.o(.text)
    _memset$wrapper                          0x0800015b   Thumb Code    18  memseta.o(.text)
    __scatterload                            0x0800016d   Thumb Code    28  init.o(.text)
    __scatterload_rt2                        0x0800016d   Thumb Code     0  init.o(.text)
    __decompress                             0x08000191   Thumb Code     0  __dczerorl2.o(.text)
    __decompress1                            0x08000191   Thumb Code    86  __dczerorl2.o(.text)
    Bsp_Gpio_Init                            0x080002a9   Thumb Code    54  bsp_gpio.o(i.Bsp_Gpio_Init)
    Bsp_Printf_Init                          0x080002e9   Thumb Code   130  bsp_printf.o(i.Bsp_Printf_Init)
    Bsp_Spi_Init                             0x08000375   Thumb Code   530  bsp_spi.o(i.Bsp_Spi_Init)
    Bsp_Systick_Init                         0x0800059d   Thumb Code    82  bsp_systick.o(i.Bsp_Systick_Init)
    Bsp_TIM2_Init                            0x080005fd   Thumb Code    48  bsp_timer2.o(i.Bsp_TIM2_Init)
    Bsp_Usart2_Init                          0x0800062d   Thumb Code   196  bsp_usart2.o(i.Bsp_Usart2_Init)
    Delay_ms                                 0x080006f9   Thumb Code    52  bsp_timer2.o(i.Delay_ms)
    EXHW_WK2412S1_Read_FIFO                  0x0800072d   Thumb Code    62  wk2124s.o(i.EXHW_WK2412S1_Read_FIFO)
    EXHW_WK2412S1_Read_Reg                   0x08000771   Thumb Code    44  wk2124s.o(i.EXHW_WK2412S1_Read_Reg)
    EXHW_WK2412S1_Write_FIFO                 0x080007a1   Thumb Code    60  wk2124s.o(i.EXHW_WK2412S1_Write_FIFO)
    EXHW_WK2412S1_Write_Reg                  0x080007e1   Thumb Code    36  wk2124s.o(i.EXHW_WK2412S1_Write_Reg)
    EXHW_WK2412S2_Disable_Tx                 0x08000809   Thumb Code   114  wk2124s2.o(i.EXHW_WK2412S2_Disable_Tx)
    EXHW_WK2412S2_Enable_Rx                  0x0800087b   Thumb Code   198  wk2124s2.o(i.EXHW_WK2412S2_Enable_Rx)
    EXHW_WK2412S2_Enable_Tx                  0x08000941   Thumb Code   114  wk2124s2.o(i.EXHW_WK2412S2_Enable_Tx)
    EXHW_WK2412S2_Init                       0x080009b3   Thumb Code    28  wk2124s2.o(i.EXHW_WK2412S2_Init)
    EXHW_WK2412S2_Read_FIFO                  0x080009d1   Thumb Code    66  wk2124s2.o(i.EXHW_WK2412S2_Read_FIFO)
    EXHW_WK2412S2_Read_Reg                   0x08000a19   Thumb Code    48  wk2124s2.o(i.EXHW_WK2412S2_Read_Reg)
    EXHW_WK2412S2_Write_FIFO                 0x08000a4d   Thumb Code    64  wk2124s2.o(i.EXHW_WK2412S2_Write_FIFO)
    EXHW_WK2412S2_Write_Reg                  0x08000a91   Thumb Code    40  wk2124s2.o(i.EXHW_WK2412S2_Write_Reg)
    EXHW_WK2412S_Disable_Tx                  0x08000abd   Thumb Code   116  wk2124s.o(i.EXHW_WK2412S_Disable_Tx)
    EXHW_WK2412S_Enable_Rx                   0x08000b31   Thumb Code   198  wk2124s.o(i.EXHW_WK2412S_Enable_Rx)
    EXHW_WK2412S_Enable_Tx                   0x08000bf7   Thumb Code   116  wk2124s.o(i.EXHW_WK2412S_Enable_Tx)
    EXHW_WK2412S_Init                        0x08000c6b   Thumb Code    28  wk2124s.o(i.EXHW_WK2412S_Init)
    EXTI0_IRQHandler                         0x08000c87   Thumb Code    86  wk2124s.o(i.EXTI0_IRQHandler)
    EXTI15_10_IRQHandler                     0x08000cdd   Thumb Code    90  wk2124s2.o(i.EXTI15_10_IRQHandler)
    EXTI_ClearITPendingBit                   0x08000d39   Thumb Code     6  stm32f10x_exti.o(i.EXTI_ClearITPendingBit)
    EXTI_GetITStatus                         0x08000d45   Thumb Code    34  stm32f10x_exti.o(i.EXTI_GetITStatus)
    EXTI_Init                                0x08000d6d   Thumb Code   142  stm32f10x_exti.o(i.EXTI_Init)
    GPIO_EXTILineConfig                      0x08000e01   Thumb Code    60  stm32f10x_gpio.o(i.GPIO_EXTILineConfig)
    GPIO_Init                                0x08000e41   Thumb Code   278  stm32f10x_gpio.o(i.GPIO_Init)
    GPIO_PinRemapConfig                      0x08000f59   Thumb Code   138  stm32f10x_gpio.o(i.GPIO_PinRemapConfig)
    GPIO_ResetBits                           0x08000fe9   Thumb Code     4  stm32f10x_gpio.o(i.GPIO_ResetBits)
    GPIO_SetBits                             0x08000fed   Thumb Code     4  stm32f10x_gpio.o(i.GPIO_SetBits)
    HW_WK2124_epca0_Init                     0x08000ff1   Thumb Code    84  wk2124_epca0.o(i.HW_WK2124_epca0_Init)
    HW_WK2124_epca1_Init                     0x08001045   Thumb Code    84  wk2124_epca1.o(i.HW_WK2124_epca1_Init)
    HW_WK2124_epca2_Init                     0x08001099   Thumb Code    84  wk2124_epca2.o(i.HW_WK2124_epca2_Init)
    HW_WK2124_pca0_Init                      0x080010ed   Thumb Code    84  wk2124_pca0.o(i.HW_WK2124_pca0_Init)
    HW_WK2124_pca1_Init                      0x08001141   Thumb Code    84  wk2124_pca1.o(i.HW_WK2124_pca1_Init)
    HW_WK2124_uart0_Init                     0x08001195   Thumb Code    84  wk2124_uart0.o(i.HW_WK2124_uart0_Init)
    HW_WK2124_usart0_Init                    0x080011e9   Thumb Code    84  wk2124_usart0.o(i.HW_WK2124_usart0_Init)
    HW_WK2124_usart1_Init                    0x0800123d   Thumb Code    84  wk2124_usart1.o(i.HW_WK2124_usart1_Init)
    Initialize_a_node                        0x08001291   Thumb Code    12  newlist.o(i.Initialize_a_node)
    Is_this_EmptyList                        0x0800129d   Thumb Code    16  newlist.o(i.Is_this_EmptyList)
    NVIC_Init                                0x080013f1   Thumb Code   100  misc.o(i.NVIC_Init)
    NVIC_PriorityGroupConfig                 0x08001461   Thumb Code    10  misc.o(i.NVIC_PriorityGroupConfig)
    Oops_verify_data_volume_frameid          0x08001475   Thumb Code   450  s3c44b0x.o(i.Oops_verify_data_volume_frameid)
    RCC_APB1PeriphClockCmd                   0x080016f5   Thumb Code    26  stm32f10x_rcc.o(i.RCC_APB1PeriphClockCmd)
    RCC_APB2PeriphClockCmd                   0x08001715   Thumb Code    26  stm32f10x_rcc.o(i.RCC_APB2PeriphClockCmd)
    RCC_GetClocksFreq                        0x08001735   Thumb Code   192  stm32f10x_rcc.o(i.RCC_GetClocksFreq)
    ReadFlashData                            0x08001809   Thumb Code    28  bsp_flash.o(i.ReadFlashData)
    Run_Led_Flash                            0x08001825   Thumb Code    40  bsp_systick.o(i.Run_Led_Flash)
    SPI1_WK2412S1_Read_Write                 0x08001855   Thumb Code    50  bsp_spi.o(i.SPI1_WK2412S1_Read_Write)
    SPI2_WK2412S2_Read_Write                 0x0800188d   Thumb Code    50  bsp_spi.o(i.SPI2_WK2412S2_Read_Write)
    SPI_Cmd                                  0x080018c5   Thumb Code    24  stm32f10x_spi.o(i.SPI_Cmd)
    SPI_I2S_GetFlagStatus                    0x080018dd   Thumb Code    18  stm32f10x_spi.o(i.SPI_I2S_GetFlagStatus)
    SPI_I2S_ReceiveData                      0x080018ef   Thumb Code     6  stm32f10x_spi.o(i.SPI_I2S_ReceiveData)
    SPI_I2S_SendData                         0x080018f5   Thumb Code     4  stm32f10x_spi.o(i.SPI_I2S_SendData)
    SPI_Init                                 0x080018f9   Thumb Code    60  stm32f10x_spi.o(i.SPI_Init)
    SysTick_Handler                          0x08001a1d   Thumb Code    74  bsp_systick.o(i.SysTick_Handler)
    SystemInit                               0x08001a79   Thumb Code    78  system_stm32f10x.o(i.SystemInit)
    TIM_Cmd                                  0x08001ad9   Thumb Code    24  stm32f10x_tim.o(i.TIM_Cmd)
    TIM_GetCounter                           0x08001af1   Thumb Code     6  stm32f10x_tim.o(i.TIM_GetCounter)
    TIM_SetCounter                           0x08001af7   Thumb Code     4  stm32f10x_tim.o(i.TIM_SetCounter)
    TIM_TimeBaseInit                         0x08001afd   Thumb Code   122  stm32f10x_tim.o(i.TIM_TimeBaseInit)
    USART2_IRQHandler                        0x08001ba1   Thumb Code   182  bsp_usart2.o(i.USART2_IRQHandler)
    USART_ClearFlag                          0x08001c69   Thumb Code    18  stm32f10x_usart.o(i.USART_ClearFlag)
    USART_Cmd                                0x08001c7b   Thumb Code    24  stm32f10x_usart.o(i.USART_Cmd)
    USART_GetFlagStatus                      0x08001c93   Thumb Code    26  stm32f10x_usart.o(i.USART_GetFlagStatus)
    USART_ITConfig                           0x08001cad   Thumb Code    74  stm32f10x_usart.o(i.USART_ITConfig)
    USART_Init                               0x08001cf9   Thumb Code   210  stm32f10x_usart.o(i.USART_Init)
    USART_SendData                           0x08001dd1   Thumb Code     8  stm32f10x_usart.o(i.USART_SendData)
    WK2124_epca0_IRQHandler                  0x08001dd9   Thumb Code   108  wk2124_epca0.o(i.WK2124_epca0_IRQHandler)
    WK2124_epca0_Send_String                 0x08001e4d   Thumb Code   116  wk2124_epca0.o(i.WK2124_epca0_Send_String)
    WK2124_epca1_IRQHandler                  0x08001ec5   Thumb Code   108  wk2124_epca1.o(i.WK2124_epca1_IRQHandler)
    WK2124_epca1_Send_String                 0x08001f39   Thumb Code   116  wk2124_epca1.o(i.WK2124_epca1_Send_String)
    WK2124_epca2_IRQHandler                  0x08001fb1   Thumb Code   108  wk2124_epca2.o(i.WK2124_epca2_IRQHandler)
    WK2124_epca2_Send_String                 0x08002025   Thumb Code   116  wk2124_epca2.o(i.WK2124_epca2_Send_String)
    WK2124_pca0_IRQHandler                   0x0800209d   Thumb Code   108  wk2124_pca0.o(i.WK2124_pca0_IRQHandler)
    WK2124_pca0_Send_String                  0x08002111   Thumb Code   116  wk2124_pca0.o(i.WK2124_pca0_Send_String)
    WK2124_pca1_IRQHandler                   0x08002189   Thumb Code   108  wk2124_pca1.o(i.WK2124_pca1_IRQHandler)
    WK2124_pca1_Send_String                  0x080021fd   Thumb Code   120  wk2124_pca1.o(i.WK2124_pca1_Send_String)
    WK2124_uart0_IRQHandler                  0x08002279   Thumb Code   108  wk2124_uart0.o(i.WK2124_uart0_IRQHandler)
    WK2124_uart0_Send_String                 0x080022ed   Thumb Code   120  wk2124_uart0.o(i.WK2124_uart0_Send_String)
    WK2124_usart0_IRQHandler                 0x08002369   Thumb Code   108  wk2124_usart0.o(i.WK2124_usart0_IRQHandler)
    WK2124_usart0_Send_String                0x080023dd   Thumb Code   116  wk2124_usart0.o(i.WK2124_usart0_Send_String)
    WK2124_usart1_IRQHandler                 0x08002455   Thumb Code   108  wk2124_usart1.o(i.WK2124_usart1_IRQHandler)
    WK2124_usart1_Send_String                0x080024c9   Thumb Code   120  wk2124_usart1.o(i.WK2124_usart1_Send_String)
    Wk2124S1_1_GetBuf                        0x08002545   Thumb Code    58  wk2124_uart0.o(i.Wk2124S1_1_GetBuf)
    Wk2124S1_1_SendBuf                       0x0800257f   Thumb Code    80  wk2124_uart0.o(i.Wk2124S1_1_SendBuf)
    Wk2124S1_2_GetBuf                        0x080025cf   Thumb Code    58  wk2124_usart1.o(i.Wk2124S1_2_GetBuf)
    Wk2124S1_2_SendBuf                       0x08002609   Thumb Code    80  wk2124_usart1.o(i.Wk2124S1_2_SendBuf)
    Wk2124S1_3_GetBuf                        0x08002659   Thumb Code    58  wk2124_pca1.o(i.Wk2124S1_3_GetBuf)
    Wk2124S1_3_SendBuf                       0x08002693   Thumb Code    80  wk2124_pca1.o(i.Wk2124S1_3_SendBuf)
    Wk2124S1_4_GetBuf                        0x080026e3   Thumb Code    58  wk2124_pca0.o(i.Wk2124S1_4_GetBuf)
    Wk2124S1_4_SendBuf                       0x0800271d   Thumb Code    80  wk2124_pca0.o(i.Wk2124S1_4_SendBuf)
    Wk2124S2_5_GetBuf                        0x0800276d   Thumb Code    58  wk2124_epca2.o(i.Wk2124S2_5_GetBuf)
    Wk2124S2_5_SendBuf                       0x080027a7   Thumb Code    80  wk2124_epca2.o(i.Wk2124S2_5_SendBuf)
    Wk2124S2_6_GetBuf                        0x080027f7   Thumb Code    58  wk2124_epca1.o(i.Wk2124S2_6_GetBuf)
    Wk2124S2_6_SendBuf                       0x08002831   Thumb Code    80  wk2124_epca1.o(i.Wk2124S2_6_SendBuf)
    Wk2124S2_7_GetBuf                        0x08002881   Thumb Code    58  wk2124_epca0.o(i.Wk2124S2_7_GetBuf)
    Wk2124S2_7_SendBuf                       0x080028bb   Thumb Code    80  wk2124_epca0.o(i.Wk2124S2_7_SendBuf)
    Wk2124S2_8_GetBuf                        0x0800290b   Thumb Code    58  wk2124_usart0.o(i.Wk2124S2_8_GetBuf)
    Wk2124S2_8_SendBuf                       0x08002945   Thumb Code    80  wk2124_usart0.o(i.Wk2124S2_8_SendBuf)
    __0printf$bare                           0x08002995   Thumb Code     8  printfb.o(i.__0printf$bare)
    __1printf$bare                           0x08002995   Thumb Code     0  printfb.o(i.__0printf$bare)
    __2printf                                0x08002995   Thumb Code     0  printfb.o(i.__0printf$bare)
    __scatterload_copy                       0x080029a5   Thumb Code    14  handlers.o(i.__scatterload_copy)
    __scatterload_null                       0x080029b3   Thumb Code     2  handlers.o(i.__scatterload_null)
    __scatterload_zeroinit                   0x080029b5   Thumb Code    14  handlers.o(i.__scatterload_zeroinit)
    active_myPherial_from_reset              0x080029e5   Thumb Code   274  timerout.o(i.active_myPherial_from_reset)
    add_a_new_node                           0x08002b91   Thumb Code   104  newlist.o(i.add_a_new_node)
    add_timer                                0x08002bfd   Thumb Code    64  soft_timer.o(i.add_timer)
    app_calccrc8                             0x08003015   Thumb Code    66  crc8.o(i.app_calccrc8)
    back_trays_types                         0x08003059   Thumb Code    24  cf8051.o(i.back_trays_types)
    cf8051_service_routine                   0x0800390d   Thumb Code   302  cf8051.o(i.cf8051_service_routine)
    cmd_0x0d_sub_cmd_xx_timeout_func         0x08003a75   Thumb Code   390  cf8051.o(i.cmd_0x0d_sub_cmd_xx_timeout_func)
    cpu_disable_irq                          0x08003c6d   Thumb Code     2  bsp_timer2.o(i.cpu_disable_irq)
    cpu_enable_irq                           0x08003c6f   Thumb Code     2  bsp_timer2.o(i.cpu_enable_irq)
    crc8                                     0x08003c71   Thumb Code   114  crc8.o(i.crc8)
    createNewList                            0x08003ce5   Thumb Code    42  newlist.o(i.createNewList)
    epca0_timeover_proc                      0x08003d71   Thumb Code    16  timerout.o(i.epca0_timeover_proc)
    epca1_timeover_proc                      0x08003d85   Thumb Code    16  timerout.o(i.epca1_timeover_proc)
    epca2_timeover_proc                      0x08003d99   Thumb Code    16  timerout.o(i.epca2_timeover_proc)
    fputc                                    0x08003dad   Thumb Code    32  bsp_printf.o(i.fputc)
    free                                     0x08003dd1   Thumb Code    76  malloc.o(i.free)
    led_timeover_proc                        0x0800416d   Thumb Code    24  timerout.o(i.led_timeover_proc)
    main                                     0x08004189   Thumb Code   156  main.o(i.main)
    mainboard_service_routine                0x08004559   Thumb Code   148  s3c44b0x.o(i.mainboard_service_routine)
    malloc                                   0x080045fd   Thumb Code    92  malloc.o(i.malloc)
    myFLASHCTRL0_run_erase_page_mode         0x08004669   Thumb Code     2  bsp_flash.o(i.myFLASHCTRL0_run_erase_page_mode)
    myFLASHCTRL0_run_write_flash_mode        0x0800466b   Thumb Code     2  bsp_flash.o(i.myFLASHCTRL0_run_write_flash_mode)
    mySerial_disable_tx                      0x0800466d   Thumb Code    90  myservice.o(i.mySerial_disable_tx)
    mySerial_enable_rx                       0x080046c7   Thumb Code    90  myservice.o(i.mySerial_enable_rx)
    mySerial_enable_send                     0x08004721   Thumb Code   112  myservice.o(i.mySerial_enable_send)
    mySerial_enable_tx                       0x08004791   Thumb Code    90  myservice.o(i.mySerial_enable_tx)
    mySerial_send_string                     0x080047ed   Thumb Code   118  myservice.o(i.mySerial_send_string)
    myUART1_send_multi_bytes                 0x08004875   Thumb Code    96  bsp_usart2.o(i.myUART1_send_multi_bytes)
    open_uart1_rx_function                   0x080048e1   Thumb Code    44  bsp_usart2.o(i.open_uart1_rx_function)
    pca0_timeover_proc                       0x08005191   Thumb Code    16  timerout.o(i.pca0_timeover_proc)
    pca1_timeover_proc                       0x080051a5   Thumb Code    16  timerout.o(i.pca1_timeover_proc)
    reload_timer                             0x0800549d   Thumb Code     8  soft_timer.o(i.reload_timer)
    remove_a_old_node                        0x080054a5   Thumb Code    74  newlist.o(i.remove_a_old_node)
    repost_data_to_cf8051_immediately        0x080054f5   Thumb Code   358  cf8051.o(i.repost_data_to_cf8051_immediately)
    repost_update_packet                     0x08005665   Thumb Code   206  cf8051.o(i.repost_update_packet)
    reset_mcu_enter_default_mode             0x08005739   Thumb Code     2  myservice.o(i.reset_mcu_enter_default_mode)
    resource_timeover_proc                   0x0800573d   Thumb Code    58  timerout.o(i.resource_timeover_proc)
    soft_timer_list_reset                    0x08005871   Thumb Code     8  soft_timer.o(i.soft_timer_list_reset)
    sort_list_from_priority                  0x08005fc1   Thumb Code    52  newlist.o(i.sort_list_from_priority)
    start_timer                              0x08005ff9   Thumb Code     6  soft_timer.o(i.start_timer)
    stop_timer                               0x08005fff   Thumb Code    10  soft_timer.o(i.stop_timer)
    timer_periodic_refresh                   0x08006009   Thumb Code    46  soft_timer.o(i.timer_periodic_refresh)
    uart0_timeover_proc                      0x0800603d   Thumb Code    16  timerout.o(i.uart0_timeover_proc)
    uart1_timeover_proc                      0x08006051   Thumb Code    14  timerout.o(i.uart1_timeover_proc)
    update_restart_proc                      0x0800617d   Thumb Code   166  timerout.o(i.update_restart_proc)
    update_startup_proc                      0x0800623d   Thumb Code   158  timerout.o(i.update_startup_proc)
    update_write_packets_proc                0x080062f1   Thumb Code   146  timerout.o(i.update_write_packets_proc)
    usart0_timeover_proc                     0x0800639d   Thumb Code    16  timerout.o(i.usart0_timeover_proc)
    usart1_timeover_proc                     0x080063b1   Thumb Code    16  timerout.o(i.usart1_timeover_proc)
    usart2_rx_irq_enable                     0x080063c5   Thumb Code    32  bsp_usart2.o(i.usart2_rx_irq_enable)
    yijian_read_version_timer_proc           0x08006435   Thumb Code    94  timerout.o(i.yijian_read_version_timer_proc)
    Region$$Table$$Base                      0x080064a8   Number         0  anon$$obj.o(Region$$Table)
    Region$$Table$$Limit                     0x080064c8   Number         0  anon$$obj.o(Region$$Table)
    timer                                    0x20000000   Data           2  bsp_systick.o(.data)
    msTicks                                  0x20000004   Data           4  bsp_systick.o(.data)
    bitTimeOut                               0x20000008   Data           4  bsp_systick.o(.data)
    secTicks                                 0x2000000c   Data           4  bsp_systick.o(.data)
    inited                                   0x20000010   Data           4  bsp_systick.o(.data)
    ms_Ticks                                 0x20000014   Data           4  bsp_systick.o(.data)
    board                                    0x2000001a   Data           6  cf8051.o(.data)
    alarm                                    0x20000020   Data         106  cf8051.o(.data)
    reSource                                 0x2000008a   Data        5016  cf8051.o(.data)
    poll_410_cmd                             0x20001422   Data           8  cf8051.o(.data)
    frame_stats                              0x2000142a   Data          10  cf8051.o(.data)
    T_type                                   0x20001434   Data           8  cf8051.o(.data)
    check_0xA6_count                         0x2000143c   Data           6  cf8051.o(.data)
    save_order_s                             0x20001442   Data           1  cf8051.o(.data)
    pNewHead                                 0x20001448   Data           4  newlist.o(.data)
    TrayInfo                                 0x2000144c   Data          17  s3c44b0x.o(.data)
    version                                  0x2000145d   Data          57  s3c44b0x.o(.data)
    cf8051update                             0x20001496   Data          40  s3c44b0x.o(.data)
    update_trays                             0x200014be   Data           8  s3c44b0x.o(.data)
    update_trays_packet_status               0x200014c6   Data           8  s3c44b0x.o(.data)
    update_trays_startup_status              0x200014ce   Data           8  s3c44b0x.o(.data)
    update_trays_restart_status              0x200014d6   Data           8  s3c44b0x.o(.data)
    HUB_output                               0x200014de   Data           1  s3c44b0x.o(.data)
    HUB_output_alarm                         0x200014df   Data           1  s3c44b0x.o(.data)
    kaiji_cmd                                0x200014e0   Data           1  s3c44b0x.o(.data)
    read_version                             0x200014e1   Data           1  s3c44b0x.o(.data)
    updating_flags                           0x200014e2   Data           1  s3c44b0x.o(.data)
    soft_hard_1                              0x200014e3   Data          13  s3c44b0x.o(.data)
    version_flag                             0x200014f8   Data           1  timerout.o(.data)
    zd_resource_flag                         0x200014f9   Data           1  timerout.o(.data)
    zd_tray_num                              0x200014fa   Data           1  timerout.o(.data)
    v_zd_whitch                              0x200014fb   Data           1  timerout.o(.data)
    frame_is_wrong                           0x200014fc   Data           7  timerout.o(.data)
    frame_is_right                           0x20001503   Data           7  timerout.o(.data)
    frame_run_ok                             0x2000150a   Data          11  timerout.o(.data)
    Tray_Error                               0x20001515   Data           8  timerout.o(.data)
    ports_lost                               0x2000151d   Data           8  timerout.o(.data)
    SystemCoreClock                          0x20001528   Data           4  system_stm32f10x.o(.data)
    AHBPrescTable                            0x2000152c   Data          16  system_stm32f10x.o(.data)
    __stdout                                 0x20001550   Data           4  stdout.o(.data)
    __microlib_freelist                      0x20001554   Data           4  mvars.o(.data)
    __microlib_freelist_initialised          0x20001558   Data           4  mvars.o(.data)
    uart1                                    0x2000155c   Data         704  bsp_usart2.o(.bss)
    DeviceInfo                               0x2000181c   Data          11  bsp_flash.o(.bss)
    uart0                                    0x20001828   Data         614  wk2124_uart0.o(.bss)
    usart1                                   0x20001a8e   Data         614  wk2124_usart1.o(.bss)
    pca1                                     0x20001cf4   Data         614  wk2124_pca1.o(.bss)
    pca0                                     0x20001f5a   Data         614  wk2124_pca0.o(.bss)
    epca2                                    0x200021c0   Data         614  wk2124_epca2.o(.bss)
    epca1                                    0x20002426   Data         614  wk2124_epca1.o(.bss)
    epca0                                    0x2000268c   Data         614  wk2124_epca0.o(.bss)
    usart0                                   0x200028f2   Data         614  wk2124_usart0.o(.bss)
    ports                                    0x20002b58   Data          41  cf8051.o(.bss)
    lost_packet                              0x20002b82   Data          16  cf8051.o(.bss)
    uart1_timer                              0x20002b94   Data          16  timerout.o(.bss)
    uart0_timer                              0x20002ba4   Data          16  timerout.o(.bss)
    usart1_timer                             0x20002bb4   Data          16  timerout.o(.bss)
    pca1_timer                               0x20002bc4   Data          16  timerout.o(.bss)
    pca0_timer                               0x20002bd4   Data          16  timerout.o(.bss)
    epca0_timer                              0x20002be4   Data          16  timerout.o(.bss)
    epca1_timer                              0x20002bf4   Data          16  timerout.o(.bss)
    epca2_timer                              0x20002c04   Data          16  timerout.o(.bss)
    usart0_timer                             0x20002c14   Data          16  timerout.o(.bss)
    led_timer                                0x20002c24   Data          16  timerout.o(.bss)
    resource_timer                           0x20002c34   Data          16  timerout.o(.bss)
    update_startup_timer                     0x20002c44   Data          16  timerout.o(.bss)
    update_restart_timer                     0x20002c54   Data          16  timerout.o(.bss)
    update_write_packets_timer               0x20002c64   Data          16  timerout.o(.bss)
    yijian_read_version_timer                0x20002c74   Data          16  timerout.o(.bss)
    uCom_send_dataBase                       0x20002c84   Data        4640  timerout.o(.bss)
    flashinfo                                0x20003ea4   Data          30  timerout.o(.bss)
    __heap_base                              0x20003ec8   Data           0  startup_stm32f10x_md.o(HEAP)
    __heap_limit                             0x200040c8   Data           0  startup_stm32f10x_md.o(HEAP)
    __initial_sp                             0x200044c8   Data           0  startup_stm32f10x_md.o(STACK)



==============================================================================

Memory Map of the image

  Image Entry point : 0x080000ed

  Load Region LR_IROM1 (Base: 0x08000000, Size: 0x00007a24, Max: 0x00010000, ABSOLUTE, COMPRESSED[0x00006570])

    Execution Region ER_IROM1 (Base: 0x08000000, Size: 0x000064c8, Max: 0x00010000, ABSOLUTE)

    Base Addr    Size         Type   Attr      Idx    E Section Name        Object

    0x08000000   0x000000ec   Data   RO         1690    RESET               startup_stm32f10x_md.o
    0x080000ec   0x00000000   Code   RO         3437  * .ARM.Collect$$$$00000000  mc_w.l(entry.o)
    0x080000ec   0x00000004   Code   RO         3734    .ARM.Collect$$$$00000001  mc_w.l(entry2.o)
    0x080000f0   0x00000004   Code   RO         3737    .ARM.Collect$$$$00000004  mc_w.l(entry5.o)
    0x080000f4   0x00000000   Code   RO         3739    .ARM.Collect$$$$00000008  mc_w.l(entry7b.o)
    0x080000f4   0x00000000   Code   RO         3741    .ARM.Collect$$$$0000000A  mc_w.l(entry8b.o)
    0x080000f4   0x00000008   Code   RO         3742    .ARM.Collect$$$$0000000B  mc_w.l(entry9a.o)
    0x080000fc   0x00000000   Code   RO         3744    .ARM.Collect$$$$0000000D  mc_w.l(entry10a.o)
    0x080000fc   0x00000000   Code   RO         3746    .ARM.Collect$$$$0000000F  mc_w.l(entry11a.o)
    0x080000fc   0x00000004   Code   RO         3735    .ARM.Collect$$$$00002712  mc_w.l(entry2.o)
    0x08000100   0x00000024   Code   RO         1691    .text               startup_stm32f10x_md.o
    0x08000124   0x00000024   Code   RO         3440    .text               mc_w.l(memcpya.o)
    0x08000148   0x00000024   Code   RO         3442    .text               mc_w.l(memseta.o)
    0x0800016c   0x00000024   Code   RO         3766    .text               mc_w.l(init.o)
    0x08000190   0x00000056   Code   RO         3784    .text               mc_w.l(__dczerorl2.o)
    0x080001e6   0x00000002   PAD
    0x080001e8   0x0000007c   Code   RO         1324    i.Back_Order_To_Source  s3c44b0x.o
    0x08000264   0x00000044   Code   RO         1647    i.Bsp_Board_Init    main.o
    0x080002a8   0x00000040   Code   RO            4    i.Bsp_Gpio_Init     bsp_gpio.o
    0x080002e8   0x0000008c   Code   RO          328    i.Bsp_Printf_Init   bsp_printf.o
    0x08000374   0x00000228   Code   RO           90    i.Bsp_Spi_Init      bsp_spi.o
    0x0800059c   0x00000060   Code   RO          156    i.Bsp_Systick_Init  bsp_systick.o
    0x080005fc   0x00000030   Code   RO          202    i.Bsp_TIM2_Init     bsp_timer2.o
    0x0800062c   0x000000cc   Code   RO          247    i.Bsp_Usart2_Init   bsp_usart2.o
    0x080006f8   0x00000034   Code   RO          203    i.Delay_ms          bsp_timer2.o
    0x0800072c   0x00000044   Code   RO          876    i.EXHW_WK2412S1_Read_FIFO  wk2124s.o
    0x08000770   0x00000030   Code   RO          877    i.EXHW_WK2412S1_Read_Reg  wk2124s.o
    0x080007a0   0x00000040   Code   RO          878    i.EXHW_WK2412S1_Write_FIFO  wk2124s.o
    0x080007e0   0x00000028   Code   RO          879    i.EXHW_WK2412S1_Write_Reg  wk2124s.o
    0x08000808   0x00000072   Code   RO          961    i.EXHW_WK2412S2_Disable_Tx  wk2124s2.o
    0x0800087a   0x000000c6   Code   RO          962    i.EXHW_WK2412S2_Enable_Rx  wk2124s2.o
    0x08000940   0x00000072   Code   RO          963    i.EXHW_WK2412S2_Enable_Tx  wk2124s2.o
    0x080009b2   0x0000001c   Code   RO          964    i.EXHW_WK2412S2_Init  wk2124s2.o
    0x080009ce   0x00000002   PAD
    0x080009d0   0x00000048   Code   RO          965    i.EXHW_WK2412S2_Read_FIFO  wk2124s2.o
    0x08000a18   0x00000034   Code   RO          966    i.EXHW_WK2412S2_Read_Reg  wk2124s2.o
    0x08000a4c   0x00000044   Code   RO          967    i.EXHW_WK2412S2_Write_FIFO  wk2124s2.o
    0x08000a90   0x0000002c   Code   RO          968    i.EXHW_WK2412S2_Write_Reg  wk2124s2.o
    0x08000abc   0x00000074   Code   RO          881    i.EXHW_WK2412S_Disable_Tx  wk2124s.o
    0x08000b30   0x000000c6   Code   RO          882    i.EXHW_WK2412S_Enable_Rx  wk2124s.o
    0x08000bf6   0x00000074   Code   RO          883    i.EXHW_WK2412S_Enable_Tx  wk2124s.o
    0x08000c6a   0x0000001c   Code   RO          884    i.EXHW_WK2412S_Init  wk2124s.o
    0x08000c86   0x00000056   Code   RO          885    i.EXTI0_IRQHandler  wk2124s.o
    0x08000cdc   0x0000005a   Code   RO          969    i.EXTI15_10_IRQHandler  wk2124s2.o
    0x08000d36   0x00000002   PAD
    0x08000d38   0x0000000c   Code   RO         1877    i.EXTI_ClearITPendingBit  stm32f10x_exti.o
    0x08000d44   0x00000028   Code   RO         1881    i.EXTI_GetITStatus  stm32f10x_exti.o
    0x08000d6c   0x00000094   Code   RO         1882    i.EXTI_Init         stm32f10x_exti.o
    0x08000e00   0x00000040   Code   RO         2131    i.GPIO_EXTILineConfig  stm32f10x_gpio.o
    0x08000e40   0x00000116   Code   RO         2134    i.GPIO_Init         stm32f10x_gpio.o
    0x08000f56   0x00000002   PAD
    0x08000f58   0x00000090   Code   RO         2136    i.GPIO_PinRemapConfig  stm32f10x_gpio.o
    0x08000fe8   0x00000004   Code   RO         2141    i.GPIO_ResetBits    stm32f10x_gpio.o
    0x08000fec   0x00000004   Code   RO         2142    i.GPIO_SetBits      stm32f10x_gpio.o
    0x08000ff0   0x00000054   Code   RO          765    i.HW_WK2124_epca0_Init  wk2124_epca0.o
    0x08001044   0x00000054   Code   RO          710    i.HW_WK2124_epca1_Init  wk2124_epca1.o
    0x08001098   0x00000054   Code   RO          652    i.HW_WK2124_epca2_Init  wk2124_epca2.o
    0x080010ec   0x00000054   Code   RO          597    i.HW_WK2124_pca0_Init  wk2124_pca0.o
    0x08001140   0x00000054   Code   RO          542    i.HW_WK2124_pca1_Init  wk2124_pca1.o
    0x08001194   0x00000054   Code   RO          418    i.HW_WK2124_uart0_Init  wk2124_uart0.o
    0x080011e8   0x00000054   Code   RO          820    i.HW_WK2124_usart0_Init  wk2124_usart0.o
    0x0800123c   0x00000054   Code   RO          486    i.HW_WK2124_usart1_Init  wk2124_usart1.o
    0x08001290   0x0000000c   Code   RO         1276    i.Initialize_a_node  newlist.o
    0x0800129c   0x00000014   Code   RO         1277    i.Is_this_EmptyList  newlist.o
    0x080012b0   0x00000114   Code   RO         1325    i.Load_Data         s3c44b0x.o
    0x080013c4   0x0000002a   Code   RO          329    i.NVIC_Configuration  bsp_printf.o
    0x080013ee   0x00000002   PAD
    0x080013f0   0x00000070   Code   RO         1744    i.NVIC_Init         misc.o
    0x08001460   0x00000014   Code   RO         1745    i.NVIC_PriorityGroupConfig  misc.o
    0x08001474   0x000001c8   Code   RO         1326    i.Oops_verify_data_volume_frameid  s3c44b0x.o
    0x0800163c   0x000000b8   Code   RO         1327    i.Patch_guide_action  s3c44b0x.o
    0x080016f4   0x00000020   Code   RO         2256    i.RCC_APB1PeriphClockCmd  stm32f10x_rcc.o
    0x08001714   0x00000020   Code   RO         2258    i.RCC_APB2PeriphClockCmd  stm32f10x_rcc.o
    0x08001734   0x000000d4   Code   RO         2266    i.RCC_GetClocksFreq  stm32f10x_rcc.o
    0x08001808   0x0000001c   Code   RO          376    i.ReadFlashData     bsp_flash.o
    0x08001824   0x00000030   Code   RO          157    i.Run_Led_Flash     bsp_systick.o
    0x08001854   0x00000038   Code   RO           93    i.SPI1_WK2412S1_Read_Write  bsp_spi.o
    0x0800188c   0x00000038   Code   RO           96    i.SPI2_WK2412S2_Read_Write  bsp_spi.o
    0x080018c4   0x00000018   Code   RO         2471    i.SPI_Cmd           stm32f10x_spi.o
    0x080018dc   0x00000012   Code   RO         2479    i.SPI_I2S_GetFlagStatus  stm32f10x_spi.o
    0x080018ee   0x00000006   Code   RO         2482    i.SPI_I2S_ReceiveData  stm32f10x_spi.o
    0x080018f4   0x00000004   Code   RO         2483    i.SPI_I2S_SendData  stm32f10x_spi.o
    0x080018f8   0x0000003c   Code   RO         2484    i.SPI_Init          stm32f10x_spi.o
    0x08001934   0x00000008   Code   RO         1698    i.SetSysClock       system_stm32f10x.o
    0x0800193c   0x000000e0   Code   RO         1699    i.SetSysClockTo72   system_stm32f10x.o
    0x08001a1c   0x0000005c   Code   RO          158    i.SysTick_Handler   bsp_systick.o
    0x08001a78   0x00000060   Code   RO         1701    i.SystemInit        system_stm32f10x.o
    0x08001ad8   0x00000018   Code   RO         2638    i.TIM_Cmd           stm32f10x_tim.o
    0x08001af0   0x00000006   Code   RO         2657    i.TIM_GetCounter    stm32f10x_tim.o
    0x08001af6   0x00000004   Code   RO         2703    i.TIM_SetCounter    stm32f10x_tim.o
    0x08001afa   0x00000002   PAD
    0x08001afc   0x000000a4   Code   RO         2709    i.TIM_TimeBaseInit  stm32f10x_tim.o
    0x08001ba0   0x000000c8   Code   RO          248    i.USART2_IRQHandler  bsp_usart2.o
    0x08001c68   0x00000012   Code   RO         3182    i.USART_ClearFlag   stm32f10x_usart.o
    0x08001c7a   0x00000018   Code   RO         3186    i.USART_Cmd         stm32f10x_usart.o
    0x08001c92   0x0000001a   Code   RO         3189    i.USART_GetFlagStatus  stm32f10x_usart.o
    0x08001cac   0x0000004a   Code   RO         3192    i.USART_ITConfig    stm32f10x_usart.o
    0x08001cf6   0x00000002   PAD
    0x08001cf8   0x000000d8   Code   RO         3193    i.USART_Init        stm32f10x_usart.o
    0x08001dd0   0x00000008   Code   RO         3203    i.USART_SendData    stm32f10x_usart.o
    0x08001dd8   0x00000074   Code   RO          766    i.WK2124_epca0_IRQHandler  wk2124_epca0.o
    0x08001e4c   0x00000078   Code   RO          767    i.WK2124_epca0_Send_String  wk2124_epca0.o
    0x08001ec4   0x00000074   Code   RO          711    i.WK2124_epca1_IRQHandler  wk2124_epca1.o
    0x08001f38   0x00000078   Code   RO          712    i.WK2124_epca1_Send_String  wk2124_epca1.o
    0x08001fb0   0x00000074   Code   RO          653    i.WK2124_epca2_IRQHandler  wk2124_epca2.o
    0x08002024   0x00000078   Code   RO          654    i.WK2124_epca2_Send_String  wk2124_epca2.o
    0x0800209c   0x00000074   Code   RO          598    i.WK2124_pca0_IRQHandler  wk2124_pca0.o
    0x08002110   0x00000078   Code   RO          599    i.WK2124_pca0_Send_String  wk2124_pca0.o
    0x08002188   0x00000074   Code   RO          543    i.WK2124_pca1_IRQHandler  wk2124_pca1.o
    0x080021fc   0x0000007c   Code   RO          544    i.WK2124_pca1_Send_String  wk2124_pca1.o
    0x08002278   0x00000074   Code   RO          419    i.WK2124_uart0_IRQHandler  wk2124_uart0.o
    0x080022ec   0x0000007c   Code   RO          420    i.WK2124_uart0_Send_String  wk2124_uart0.o
    0x08002368   0x00000074   Code   RO          821    i.WK2124_usart0_IRQHandler  wk2124_usart0.o
    0x080023dc   0x00000078   Code   RO          822    i.WK2124_usart0_Send_String  wk2124_usart0.o
    0x08002454   0x00000074   Code   RO          487    i.WK2124_usart1_IRQHandler  wk2124_usart1.o
    0x080024c8   0x0000007c   Code   RO          488    i.WK2124_usart1_Send_String  wk2124_usart1.o
    0x08002544   0x0000003a   Code   RO          421    i.Wk2124S1_1_GetBuf  wk2124_uart0.o
    0x0800257e   0x00000050   Code   RO          422    i.Wk2124S1_1_SendBuf  wk2124_uart0.o
    0x080025ce   0x0000003a   Code   RO          489    i.Wk2124S1_2_GetBuf  wk2124_usart1.o
    0x08002608   0x00000050   Code   RO          490    i.Wk2124S1_2_SendBuf  wk2124_usart1.o
    0x08002658   0x0000003a   Code   RO          545    i.Wk2124S1_3_GetBuf  wk2124_pca1.o
    0x08002692   0x00000050   Code   RO          546    i.Wk2124S1_3_SendBuf  wk2124_pca1.o
    0x080026e2   0x0000003a   Code   RO          600    i.Wk2124S1_4_GetBuf  wk2124_pca0.o
    0x0800271c   0x00000050   Code   RO          601    i.Wk2124S1_4_SendBuf  wk2124_pca0.o
    0x0800276c   0x0000003a   Code   RO          655    i.Wk2124S2_5_GetBuf  wk2124_epca2.o
    0x080027a6   0x00000050   Code   RO          656    i.Wk2124S2_5_SendBuf  wk2124_epca2.o
    0x080027f6   0x0000003a   Code   RO          713    i.Wk2124S2_6_GetBuf  wk2124_epca1.o
    0x08002830   0x00000050   Code   RO          714    i.Wk2124S2_6_SendBuf  wk2124_epca1.o
    0x08002880   0x0000003a   Code   RO          768    i.Wk2124S2_7_GetBuf  wk2124_epca0.o
    0x080028ba   0x00000050   Code   RO          769    i.Wk2124S2_7_SendBuf  wk2124_epca0.o
    0x0800290a   0x0000003a   Code   RO          823    i.Wk2124S2_8_GetBuf  wk2124_usart0.o
    0x08002944   0x00000050   Code   RO          824    i.Wk2124S2_8_SendBuf  wk2124_usart0.o
    0x08002994   0x00000010   Code   RO         3447    i.__0printf$bare    mc_w.l(printfb.o)
    0x080029a4   0x0000000e   Code   RO         3778    i.__scatterload_copy  mc_w.l(handlers.o)
    0x080029b2   0x00000002   Code   RO         3779    i.__scatterload_null  mc_w.l(handlers.o)
    0x080029b4   0x0000000e   Code   RO         3780    i.__scatterload_zeroinit  mc_w.l(handlers.o)
    0x080029c2   0x00000022   Code   RO         3454    i._printf_core      mc_w.l(printfb.o)
    0x080029e4   0x000001ac   Code   RO         1528    i.active_myPherial_from_reset  timerout.o
    0x08002b90   0x0000006c   Code   RO         1278    i.add_a_new_node    newlist.o
    0x08002bfc   0x00000044   Code   RO         1463    i.add_timer         soft_timer.o
    0x08002c40   0x000000b8   Code   RO         1044    i.alarm_module_tray_connect  cf8051.o
    0x08002cf8   0x00000070   Code   RO         1045    i.alarm_module_tray_disconnect  cf8051.o
    0x08002d68   0x000000a4   Code   RO         1046    i.alarm_module_tray_input_illeagle  cf8051.o
    0x08002e0c   0x000000b0   Code   RO         1047    i.alarm_module_tray_input_illeagle_return_to_normal  cf8051.o
    0x08002ebc   0x000000a8   Code   RO         1048    i.alarm_module_tray_output_illeagle  cf8051.o
    0x08002f64   0x000000b0   Code   RO         1049    i.alarm_module_tray_output_illeagle_return_to_normal  cf8051.o
    0x08003014   0x00000042   Code   RO         1182    i.app_calccrc8      crc8.o
    0x08003056   0x00000002   PAD
    0x08003058   0x0000001c   Code   RO         1050    i.back_trays_types  cf8051.o
    0x08003074   0x00000654   Code   RO         1051    i.cf8051_boards_info_handler  cf8051.o
    0x080036c8   0x00000050   Code   RO         1052    i.cf8051_recv_data_crc_check  cf8051.o
    0x08003718   0x00000198   Code   RO         1053    i.cf8051_recv_handle_pthread  cf8051.o
    0x080038b0   0x0000005c   Code   RO         1054    i.cf8051_send_data_pthread  cf8051.o
    0x0800390c   0x0000014c   Code   RO         1055    i.cf8051_service_routine  cf8051.o
    0x08003a58   0x0000001c   Code   RO         1056    i.clear_cache_data  cf8051.o
    0x08003a74   0x0000018c   Code   RO         1057    i.cmd_0x0d_sub_cmd_xx_timeout_func  cf8051.o
    0x08003c00   0x0000006c   Code   RO         1058    i.communication_logs  cf8051.o
    0x08003c6c   0x00000002   Code   RO          204    i.cpu_disable_irq   bsp_timer2.o
    0x08003c6e   0x00000002   Code   RO          205    i.cpu_enable_irq    bsp_timer2.o
    0x08003c70   0x00000072   Code   RO         1183    i.crc8              crc8.o
    0x08003ce2   0x00000002   PAD
    0x08003ce4   0x00000030   Code   RO         1279    i.createNewList     newlist.o
    0x08003d14   0x0000005c   Code   RO         1059    i.detect_uarts      cf8051.o
    0x08003d70   0x00000014   Code   RO         1529    i.epca0_timeover_proc  timerout.o
    0x08003d84   0x00000014   Code   RO         1530    i.epca1_timeover_proc  timerout.o
    0x08003d98   0x00000014   Code   RO         1531    i.epca2_timeover_proc  timerout.o
    0x08003dac   0x00000024   Code   RO          331    i.fputc             bsp_printf.o
    0x08003dd0   0x00000050   Code   RO         3706    i.free              mc_w.l(malloc.o)
    0x08003e20   0x0000012c   Code   RO         1328    i.fulling_resource_trayNums_data  s3c44b0x.o
    0x08003f4c   0x00000088   Code   RO         1329    i.fulling_version_trayNums_data  s3c44b0x.o
    0x08003fd4   0x00000050   Code   RO         1330    i.fulling_zd_tray_resource_trayNums_data  s3c44b0x.o
    0x08004024   0x00000148   Code   RO         1331    i.led_guide_test    s3c44b0x.o
    0x0800416c   0x0000001c   Code   RO         1532    i.led_timeover_proc  timerout.o
    0x08004188   0x000000bc   Code   RO         1648    i.main              main.o
    0x08004244   0x00000314   Code   RO         1332    i.mainboard_A6_or_F6_msgs_handle  s3c44b0x.o
    0x08004558   0x000000a4   Code   RO         1333    i.mainboard_service_routine  s3c44b0x.o
    0x080045fc   0x0000006c   Code   RO         3707    i.malloc            mc_w.l(malloc.o)
    0x08004668   0x00000002   Code   RO          377    i.myFLASHCTRL0_run_erase_page_mode  bsp_flash.o
    0x0800466a   0x00000002   Code   RO          378    i.myFLASHCTRL0_run_write_flash_mode  bsp_flash.o
    0x0800466c   0x0000005a   Code   RO         1219    i.mySerial_disable_tx  myservice.o
    0x080046c6   0x0000005a   Code   RO         1220    i.mySerial_enable_rx  myservice.o
    0x08004720   0x00000070   Code   RO         1221    i.mySerial_enable_send  myservice.o
    0x08004790   0x0000005a   Code   RO         1222    i.mySerial_enable_tx  myservice.o
    0x080047ea   0x00000002   PAD
    0x080047ec   0x00000088   Code   RO         1223    i.mySerial_send_string  myservice.o
    0x08004874   0x0000006c   Code   RO          249    i.myUART1_send_multi_bytes  bsp_usart2.o
    0x080048e0   0x00000034   Code   RO          250    i.open_uart1_rx_function  bsp_usart2.o
    0x08004914   0x0000065c   Code   RO         1334    i.orders_operations  s3c44b0x.o
    0x08004f70   0x0000018c   Code   RO         1335    i.part3_feedback_msgs_to_s3c44b0x  s3c44b0x.o
    0x080050fc   0x00000094   Code   RO         1336    i.part3_repost_s3c44bx0_data_to_cf8051  s3c44b0x.o
    0x08005190   0x00000014   Code   RO         1533    i.pca0_timeover_proc  timerout.o
    0x080051a4   0x00000014   Code   RO         1534    i.pca1_timeover_proc  timerout.o
    0x080051b8   0x000000c4   Code   RO         1337    i.read_410_ports_info  s3c44b0x.o
    0x0800527c   0x00000058   Code   RO         1338    i.read_tray_info    s3c44b0x.o
    0x080052d4   0x000001c8   Code   RO         1339    i.read_version_info  s3c44b0x.o
    0x0800549c   0x00000008   Code   RO         1464    i.reload_timer      soft_timer.o
    0x080054a4   0x00000050   Code   RO         1280    i.remove_a_old_node  newlist.o
    0x080054f4   0x00000170   Code   RO         1060    i.repost_data_to_cf8051_immediately  cf8051.o
    0x08005664   0x000000d4   Code   RO         1061    i.repost_update_packet  cf8051.o
    0x08005738   0x00000002   Code   RO         1224    i.reset_mcu_enter_default_mode  myservice.o
    0x0800573a   0x00000002   PAD
    0x0800573c   0x00000048   Code   RO         1535    i.resource_timeover_proc  timerout.o
    0x08005784   0x00000074   Code   RO         1340    i.sim3u146_kaiji_cmd_to_s3c2416  s3c44b0x.o
    0x080057f8   0x00000078   Code   RO         1341    i.sim3u146_updata_ok_to_s3c2416  s3c44b0x.o
    0x08005870   0x0000000c   Code   RO         1466    i.soft_timer_list_reset  soft_timer.o
    0x0800587c   0x0000070c   Code   RO         1342    i.software_update_cf8051  s3c44b0x.o
    0x08005f88   0x00000038   Code   RO         1343    i.software_update_sim3u1xx  s3c44b0x.o
    0x08005fc0   0x00000038   Code   RO         1281    i.sort_list_from_priority  newlist.o
    0x08005ff8   0x00000006   Code   RO         1467    i.start_timer       soft_timer.o
    0x08005ffe   0x0000000a   Code   RO         1468    i.stop_timer        soft_timer.o
    0x08006008   0x00000034   Code   RO         1471    i.timer_periodic_refresh  soft_timer.o
    0x0800603c   0x00000014   Code   RO         1536    i.uart0_timeover_proc  timerout.o
    0x08006050   0x00000014   Code   RO         1537    i.uart1_timeover_proc  timerout.o
    0x08006064   0x00000118   Code   RO         1344    i.unControl_wirteEID_info  s3c44b0x.o
    0x0800617c   0x000000c0   Code   RO         1538    i.update_restart_proc  timerout.o
    0x0800623c   0x000000b4   Code   RO         1539    i.update_startup_proc  timerout.o
    0x080062f0   0x000000ac   Code   RO         1540    i.update_write_packets_proc  timerout.o
    0x0800639c   0x00000014   Code   RO         1541    i.usart0_timeover_proc  timerout.o
    0x080063b0   0x00000014   Code   RO         1542    i.usart1_timeover_proc  timerout.o
    0x080063c4   0x00000024   Code   RO          251    i.usart2_rx_irq_enable  bsp_usart2.o
    0x080063e8   0x0000004c   Code   RO         1345    i.write_EID_to_410  s3c44b0x.o
    0x08006434   0x00000074   Code   RO         1543    i.yijian_read_version_timer_proc  timerout.o
    0x080064a8   0x00000020   Data   RO         3776    Region$$Table       anon$$obj.o


    Execution Region RW_IRAM1 (Base: 0x20000000, Size: 0x000044c8, Max: 0x00005000, ABSOLUTE, COMPRESSED[0x000000a8])

    Base Addr    Size         Type   Attr      Idx    E Section Name        Object

    0x20000000   0x00000019   Data   RW          159    .data               bsp_systick.o
    0x20000019   0x00000001   PAD
    0x2000001a   0x0000142c   Data   RW         1063    .data               cf8051.o
    0x20001446   0x00000002   PAD
    0x20001448   0x00000004   Data   RW         1282    .data               newlist.o
    0x2000144c   0x000000a5   Data   RW         1346    .data               s3c44b0x.o
    0x200014f1   0x00000003   PAD
    0x200014f4   0x00000004   Data   RW         1472    .data               soft_timer.o
    0x200014f8   0x0000002d   Data   RW         1545    .data               timerout.o
    0x20001525   0x00000003   PAD
    0x20001528   0x00000014   Data   RW         1702    .data               system_stm32f10x.o
    0x2000153c   0x00000014   Data   RW         2286    .data               stm32f10x_rcc.o
    0x20001550   0x00000004   Data   RW         3748    .data               mc_w.l(stdout.o)
    0x20001554   0x00000004   Data   RW         3753    .data               mc_w.l(mvars.o)
    0x20001558   0x00000004   Data   RW         3754    .data               mc_w.l(mvars.o)
    0x2000155c   0x000002c0   Zero   RW          253    .bss                bsp_usart2.o
    0x2000181c   0x0000000b   Zero   RW          379    .bss                bsp_flash.o
    0x20001827   0x00000001   PAD
    0x20001828   0x00000266   Zero   RW          423    .bss                wk2124_uart0.o
    0x20001a8e   0x00000266   Zero   RW          491    .bss                wk2124_usart1.o
    0x20001cf4   0x00000266   Zero   RW          547    .bss                wk2124_pca1.o
    0x20001f5a   0x00000266   Zero   RW          602    .bss                wk2124_pca0.o
    0x200021c0   0x00000266   Zero   RW          657    .bss                wk2124_epca2.o
    0x20002426   0x00000266   Zero   RW          715    .bss                wk2124_epca1.o
    0x2000268c   0x00000266   Zero   RW          770    .bss                wk2124_epca0.o
    0x200028f2   0x00000266   Zero   RW          825    .bss                wk2124_usart0.o
    0x20002b58   0x0000003a   Zero   RW         1062    .bss                cf8051.o
    0x20002b92   0x00000002   PAD
    0x20002b94   0x0000132e   Zero   RW         1544    .bss                timerout.o
    0x20003ec2   0x00000006   PAD
    0x20003ec8   0x00000200   Zero   RW         1689    HEAP                startup_stm32f10x_md.o
    0x200040c8   0x00000400   Zero   RW         1688    STACK               startup_stm32f10x_md.o


==============================================================================

Image component sizes


      Code (inc. data)   RO Data    RW Data    ZI Data      Debug   Object Name

        32          0          0          0         11       3016   bsp_flash.o
        64         10          0          0          0     262068   bsp_gpio.o
       218         14          0          0          0       3062   bsp_printf.o
       664         34          0          0          0       2241   bsp_spi.o
       236         40          0         25          0      24648   bsp_systick.o
       104          0          0          0          0       2202   bsp_timer2.o
       600         50          0          0        704       6852   bsp_usart2.o
      4744        374          0       5164         58      15937   cf8051.o
       180          0          0          0          0       2006   crc8.o
       256         32          0          0          0       2707   main.o
       132         22          0          0          0       1659   misc.o
       520         58          0          0          0       5001   myservice.o
       324         24          0          4          0       4686   newlist.o
      8200        572          0        165          0      18951   s3c44b0x.o
       156         14          0          4          0       3771   soft_timer.o
        36          8        236          0       1536        876   startup_stm32f10x_md.o
       200         18          0          0          0       2256   stm32f10x_exti.o
       494         10          0          0          0       4676   stm32f10x_gpio.o
       276         32          0         20          0       4566   stm32f10x_rcc.o
       112          0          0          0          0       4030   stm32f10x_spi.o
       198         42          0          0          0       2983   stm32f10x_tim.o
       366          6          0          0          0       5627   stm32f10x_usart.o
       328         28          0         20          0       2705   system_stm32f10x.o
      1368        306          0         45       4910      11814   timerout.o
       458         12          0          0        614       4578   wk2124_epca0.o
       458         12          0          0        614       4578   wk2124_epca1.o
       458         12          0          0        614       4578   wk2124_epca2.o
       458         12          0          0        614       4461   wk2124_pca0.o
       462         12          0          0        614       4461   wk2124_pca1.o
       462         12          0          0        614       4537   wk2124_uart0.o
       458         12          0          0        614       4677   wk2124_usart0.o
       462         12          0          0        614       4653   wk2124_usart1.o
       764         18          0          0          0       6619   wk2124s.o
       780         18          0          0          0       6759   wk2124s2.o

    ----------------------------------------------------------------------
     25048       1826        268       5456      12140     448241   Object Totals
         0          0         32          0          0          0   (incl. Generated)
        20          0          0          9          9          0   (incl. Padding)

    ----------------------------------------------------------------------

      Code (inc. data)   RO Data    RW Data    ZI Data      Debug   Library Member Name

        86          0          0          0          0          0   __dczerorl2.o
         0          0          0          0          0          0   entry.o
         0          0          0          0          0          0   entry10a.o
         0          0          0          0          0          0   entry11a.o
         8          4          0          0          0          0   entry2.o
         4          0          0          0          0          0   entry5.o
         0          0          0          0          0          0   entry7b.o
         0          0          0          0          0          0   entry8b.o
         8          4          0          0          0          0   entry9a.o
        30          0          0          0          0          0   handlers.o
        36          8          0          0          0         68   init.o
       188         20          0          0          0        160   malloc.o
        36          0          0          0          0         68   memcpya.o
        36          0          0          0          0        108   memseta.o
         0          0          0          8          0          0   mvars.o
        50          8          0          0          0        152   printfb.o
         0          0          0          4          0          0   stdout.o

    ----------------------------------------------------------------------
       484         44          0         12          0        556   Library Totals
         2          0          0          0          0          0   (incl. Padding)

    ----------------------------------------------------------------------

      Code (inc. data)   RO Data    RW Data    ZI Data      Debug   Library Name

       482         44          0         12          0        556   mc_w.l

    ----------------------------------------------------------------------
       484         44          0         12          0        556   Library Totals

    ----------------------------------------------------------------------

==============================================================================


      Code (inc. data)   RO Data    RW Data    ZI Data      Debug   

     25532       1870        268       5468      12140     439201   Grand Totals
     25532       1870        268        168      12140     439201   ELF Image Totals (compressed)
     25532       1870        268        168          0          0   ROM Totals

==============================================================================

    Total RO  Size (Code + RO Data)                25800 (  25.20kB)
    Total RW  Size (RW Data + ZI Data)             17608 (  17.20kB)
    Total ROM Size (Code + RO Data + RW Data)      25968 (  25.36kB)

==============================================================================

